Component: Arm Compiler for Embedded 6.21 Tool: armlink [5ec1fa00]

==============================================================================

Section Cross References

    empty.o(.text.main) refers to ti_msp_dl_config.o(.text.SYSCFG_DL_init) for SYSCFG_DL_init
    empty.o(.text.main) refers to empty.o(.text.__NVIC_ClearPendingIRQ) for __NVIC_ClearPendingIRQ
    empty.o(.text.main) refers to empty.o(.text.__NVIC_EnableIRQ) for __NVIC_EnableIRQ
    empty.o(.text.main) refers to empty.o(.text.DL_Timer_startCounter) for DL_Timer_startCounter
    empty.o(.text.main) refers to empty.o(.text.DL_GPIO_clearPins) for DL_GPIO_clearPins
    empty.o(.ARM.exidx.text.main) refers to empty.o(.text.main) for [Anonymous Symbol]
    empty.o(.ARM.exidx.text.__NVIC_ClearPendingIRQ) refers to empty.o(.text.__NVIC_ClearPendingIRQ) for [Anonymous Symbol]
    empty.o(.ARM.exidx.text.__NVIC_EnableIRQ) refers to empty.o(.text.__NVIC_EnableIRQ) for [Anonymous Symbol]
    empty.o(.ARM.exidx.text.DL_Timer_startCounter) refers to empty.o(.text.DL_Timer_startCounter) for [Anonymous Symbol]
    empty.o(.ARM.exidx.text.DL_GPIO_clearPins) refers to empty.o(.text.DL_GPIO_clearPins) for [Anonymous Symbol]
    startup_mspm0g350x_uvision.o(STACK) refers (Special) to heapauxi.o(.text) for __use_two_region_memory
    startup_mspm0g350x_uvision.o(HEAP) refers (Special) to heapauxi.o(.text) for __use_two_region_memory
    startup_mspm0g350x_uvision.o(RESET) refers (Special) to heapauxi.o(.text) for __use_two_region_memory
    startup_mspm0g350x_uvision.o(RESET) refers to startup_mspm0g350x_uvision.o(STACK) for __initial_sp
    startup_mspm0g350x_uvision.o(RESET) refers to startup_mspm0g350x_uvision.o(.text) for Reset_Handler
    startup_mspm0g350x_uvision.o(RESET) refers to motor.o(.text.GROUP1_IRQHandler) for GROUP1_IRQHandler
    startup_mspm0g350x_uvision.o(RESET) refers to uart.o(.text.UART2_IRQHandler) for UART2_IRQHandler
    startup_mspm0g350x_uvision.o(RESET) refers to uart.o(.text.UART0_IRQHandler) for UART0_IRQHandler
    startup_mspm0g350x_uvision.o(RESET) refers to timer.o(.text.TIMG7_IRQHandler) for TIMG7_IRQHandler
    startup_mspm0g350x_uvision.o(.text) refers (Special) to heapauxi.o(.text) for __use_two_region_memory
    startup_mspm0g350x_uvision.o(.text) refers to __main.o(!!!main) for __main
    startup_mspm0g350x_uvision.o(.text) refers to startup_mspm0g350x_uvision.o(HEAP) for Heap_Mem
    startup_mspm0g350x_uvision.o(.text) refers to startup_mspm0g350x_uvision.o(STACK) for Stack_Mem
    ti_msp_dl_config.o(.text.SYSCFG_DL_init) refers to ti_msp_dl_config.o(.text.SYSCFG_DL_initPower) for SYSCFG_DL_initPower
    ti_msp_dl_config.o(.text.SYSCFG_DL_init) refers to ti_msp_dl_config.o(.text.SYSCFG_DL_GPIO_init) for SYSCFG_DL_GPIO_init
    ti_msp_dl_config.o(.text.SYSCFG_DL_init) refers to ti_msp_dl_config.o(.text.SYSCFG_DL_SYSCTL_init) for SYSCFG_DL_SYSCTL_init
    ti_msp_dl_config.o(.text.SYSCFG_DL_init) refers to ti_msp_dl_config.o(.text.SYSCFG_DL_PWM_SERVO_init) for SYSCFG_DL_PWM_SERVO_init
    ti_msp_dl_config.o(.text.SYSCFG_DL_init) refers to ti_msp_dl_config.o(.text.SYSCFG_DL_PWM_MOTOR_init) for SYSCFG_DL_PWM_MOTOR_init
    ti_msp_dl_config.o(.text.SYSCFG_DL_init) refers to ti_msp_dl_config.o(.text.SYSCFG_DL_TIMER_0_init) for SYSCFG_DL_TIMER_0_init
    ti_msp_dl_config.o(.text.SYSCFG_DL_init) refers to ti_msp_dl_config.o(.text.SYSCFG_DL_I2C_0_init) for SYSCFG_DL_I2C_0_init
    ti_msp_dl_config.o(.text.SYSCFG_DL_init) refers to ti_msp_dl_config.o(.text.SYSCFG_DL_UART_BLUETOOTH_init) for SYSCFG_DL_UART_BLUETOOTH_init
    ti_msp_dl_config.o(.text.SYSCFG_DL_init) refers to ti_msp_dl_config.o(.text.SYSCFG_DL_UART_VISION_init) for SYSCFG_DL_UART_VISION_init
    ti_msp_dl_config.o(.text.SYSCFG_DL_init) refers to ti_msp_dl_config.o(.text.SYSCFG_DL_SYSTICK_init) for SYSCFG_DL_SYSTICK_init
    ti_msp_dl_config.o(.text.SYSCFG_DL_init) refers to ti_msp_dl_config.o(.bss.gPWM_SERVOBackup) for gPWM_SERVOBackup
    ti_msp_dl_config.o(.text.SYSCFG_DL_init) refers to ti_msp_dl_config.o(.bss.gTIMER_0Backup) for gTIMER_0Backup
    ti_msp_dl_config.o(.ARM.exidx.text.SYSCFG_DL_init) refers to ti_msp_dl_config.o(.text.SYSCFG_DL_init) for [Anonymous Symbol]
    ti_msp_dl_config.o(.text.SYSCFG_DL_initPower) refers to ti_msp_dl_config.o(.text.DL_GPIO_reset) for DL_GPIO_reset
    ti_msp_dl_config.o(.text.SYSCFG_DL_initPower) refers to ti_msp_dl_config.o(.text.DL_Timer_reset) for DL_Timer_reset
    ti_msp_dl_config.o(.text.SYSCFG_DL_initPower) refers to ti_msp_dl_config.o(.text.DL_I2C_reset) for DL_I2C_reset
    ti_msp_dl_config.o(.text.SYSCFG_DL_initPower) refers to ti_msp_dl_config.o(.text.DL_UART_reset) for DL_UART_reset
    ti_msp_dl_config.o(.text.SYSCFG_DL_initPower) refers to ti_msp_dl_config.o(.text.DL_GPIO_enablePower) for DL_GPIO_enablePower
    ti_msp_dl_config.o(.text.SYSCFG_DL_initPower) refers to ti_msp_dl_config.o(.text.DL_Timer_enablePower) for DL_Timer_enablePower
[...]
    Removing dl_uart.o(.ARM.exidx.text.DL_UART_drainRXFIFO), (8 bytes).
    Removing dl_uart.o(.text.DL_UART_fillTXFIFO), (40 bytes).
    Removing dl_uart.o(.ARM.exidx.text.DL_UART_fillTXFIFO), (8 bytes).
    Removing dl_uart.o(.text.DL_UART_Main_saveConfiguration), (88 bytes).
    Removing dl_uart.o(.ARM.exidx.text.DL_UART_Main_saveConfiguration), (8 bytes).
    Removing dl_uart.o(.text.DL_UART_Main_restoreConfiguration), (120 bytes).
    Removing dl_uart.o(.ARM.exidx.text.DL_UART_Main_restoreConfiguration), (8 bytes).
    Removing dl_uart.o(.text.DL_UART_Extend_saveConfiguration), (104 bytes).
    Removing dl_uart.o(.ARM.exidx.text.DL_UART_Extend_saveConfiguration), (8 bytes).
    Removing dl_uart.o(.text.DL_UART_Extend_restoreConfiguration), (132 bytes).
    Removing dl_uart.o(.ARM.exidx.text.DL_UART_Extend_restoreConfiguration), (8 bytes).

288 unused section(s) (total 10974 bytes) removed from the image.

==============================================================================

Image Symbol Table

    Local Symbols

    Symbol Name                              Value     Ov Type        Size  Object(Section)

    ../clib/angel/boardlib.s                 0x00000000   Number         0  boardinit1.o ABSOLUTE
    ../clib/angel/boardlib.s                 0x00000000   Number         0  boardinit2.o ABSOLUTE
    ../clib/angel/boardlib.s                 0x00000000   Number         0  boardinit3.o ABSOLUTE
    ../clib/angel/boardlib.s                 0x00000000   Number         0  boardshut.o ABSOLUTE
    ../clib/angel/handlers.s                 0x00000000   Number         0  __scatter_zi.o ABSOLUTE
    ../clib/angel/kernel.s                   0x00000000   Number         0  __rtentry.o ABSOLUTE
    ../clib/angel/kernel.s                   0x00000000   Number         0  __rtentry2.o ABSOLUTE
    ../clib/angel/kernel.s                   0x00000000   Number         0  __rtentry4.o ABSOLUTE
    ../clib/angel/kernel.s                   0x00000000   Number         0  rtexit.o ABSOLUTE
    ../clib/angel/kernel.s                   0x00000000   Number         0  rtexit2.o ABSOLUTE
    ../clib/angel/rt.s                       0x00000000   Number         0  aeabi_idiv0.o ABSOLUTE
    ../clib/angel/rt.s                       0x00000000   Number         0  aeabi_idiv0_sigfpe.o ABSOLUTE
    ../clib/angel/rt.s                       0x00000000   Number         0  rt_div0.o ABSOLUTE
    ../clib/angel/rt.s                       0x00000000   Number         0  rt_raise.o ABSOLUTE
    ../clib/angel/scatterp.s                 0x00000000   Number         0  __scatter.o ABSOLUTE
    ../clib/angel/startup.s                  0x00000000   Number         0  __main.o ABSOLUTE
    ../clib/angel/sys.s                      0x00000000   Number         0  sys_stackheap_outer.o ABSOLUTE
    ../clib/angel/sys.s                      0x00000000   Number         0  libspace.o ABSOLUTE
    ../clib/angel/sys.s                      0x00000000   Number         0  tempstk.o ABSOLUTE
    ../clib/angel/sys.s                      0x00000000   Number         0  use_no_semi.o ABSOLUTE
    ../clib/angel/sys.s                      0x00000000   Number         0  indicate_semi.o ABSOLUTE
    ../clib/angel/sysapp.c                   0x00000000   Number         0  sys_exit.o ABSOLUTE
    ../clib/angel/sysapp.c                   0x00000000   Number         0  sys_exit_hlt.o ABSOLUTE
    ../clib/angel/sysapp.c                   0x00000000   Number         0  sys_wrch.o ABSOLUTE
    ../clib/angel/sysapp.c                   0x00000000   Number         0  sys_wrch_hlt.o ABSOLUTE
    ../clib/angel/sysapp.c                   0x00000000   Number         0  sys_command.o ABSOLUTE
    ../clib/angel/sysapp.c                   0x00000000   Number         0  sys_command_hlt.o ABSOLUTE
    ../clib/armsys.c                         0x00000000   Number         0  argv_veneer.o ABSOLUTE
    ../clib/armsys.c                         0x00000000   Number         0  _get_argv_nomalloc.o ABSOLUTE
    ../clib/armsys.c                         0x00000000   Number         0  no_argv.o ABSOLUTE
    ../clib/division.s                       0x00000000   Number         0  aeabi_sdivfast.o ABSOLUTE
    ../clib/division.s                       0x00000000   Number         0  aeabi_sdivfast_div0.o ABSOLUTE
    ../clib/heapalloc.c                      0x00000000   Number         0  hrguard.o ABSOLUTE
    ../clib/heapaux.c                        0x00000000   Number         0  heapauxi.o ABSOLUTE
    ../clib/libinit.s                        0x00000000   Number         0  libinit.o ABSOLUTE
    ../clib/libinit.s                        0x00000000   Number         0  libinit2.o ABSOLUTE
    ../clib/libinit.s                        0x00000000   Number         0  libshutdown.o ABSOLUTE
    ../clib/libinit.s                        0x00000000   Number         0  libshutdown2.o ABSOLUTE
    ../clib/signal.c                         0x00000000   Number         0  defsig_fpe_outer.o ABSOLUTE
    ../clib/signal.c                         0x00000000   Number         0  defsig_fpe_formal.o ABSOLUTE
    ../clib/signal.c                         0x00000000   Number         0  defsig_exit.o ABSOLUTE
    ../clib/signal.c                         0x00000000   Number         0  defsig_fpe_inner.o ABSOLUTE
    ../clib/signal.c                         0x00000000   Number         0  __raise.o ABSOLUTE
    ../clib/signal.c                         0x00000000   Number         0  defsig_general.o ABSOLUTE
    ../clib/signal.c                         0x00000000   Number         0  defsig_abrt_inner.o ABSOLUTE
    ../clib/signal.c                         0x00000000   Number         0  defsig_rtred_inner.o ABSOLUTE
    ../clib/signal.c                         0x00000000   Number         0  defsig_rtmem_inner.o ABSOLUTE
    ../clib/signal.c                         0x00000000   Number         0  defsig_rtmem_outer.o ABSOLUTE
    ../clib/signal.c                         0x00000000   Number         0  defsig_rtmem_formal.o ABSOLUTE
    ../clib/signal.c                         0x00000000   Number         0  defsig_stak_inner.o ABSOLUTE
    ../clib/signal.c                         0x00000000   Number         0  defsig_pvfn_inner.o ABSOLUTE
    ../clib/signal.c                         0x00000000   Number         0  defsig_cppl_inner.o ABSOLUTE
    ../clib/signal.c                         0x00000000   Number         0  defsig_segv_inner.o ABSOLUTE
    ../clib/signal.c                         0x00000000   Number         0  defsig_other.o ABSOLUTE
    ../clib/signal.s                         0x00000000   Number         0  defsig.o ABSOLUTE
    ../clib/stdlib.c                         0x00000000   Number         0  exit.o ABSOLUTE
    ../fplib/cfplib/cmp.c                    0x00000000   Number         0  fcmp.o ABSOLUTE
    ../fplib/cfplib/cmpret.c                 0x00000000   Number         0  cmpret.o ABSOLUTE
    ../fplib/cfplib/fcmpin.c                 0x00000000   Number         0  fcmpin.o ABSOLUTE
    ../fplib/cfplib/fdiv.c                   0x00000000   Number         0  fdiv.o ABSOLUTE
    ../fplib/cfplib/ffix.c                   0x00000000   Number         0  ffixui.o ABSOLUTE
    ../fplib/cfplib/fflt.c                   0x00000000   Number         0  fflti.o ABSOLUTE
    ../fplib/cfplib/fpinit.c                 0x00000000   Number         0  fpinit.o ABSOLUTE
    ../fplib/cfplib/nan2.c                   0x00000000   Number         0  fnan2.o ABSOLUTE
    ../fplib/cfplib/retnan.c                 0x00000000   Number         0  retnan.o ABSOLUTE
    ../fplib/faddsub6m.s                     0x00000000   Number         0  faddsub.o ABSOLUTE
    ../fplib/feqf6m.s                        0x00000000   Number         0  feqf.o ABSOLUTE
    ../fplib/fgeqf6m.s                       0x00000000   Number         0  fgef.o ABSOLUTE
    ../fplib/fleqf6m.s                       0x00000000   Number         0  flef.o ABSOLUTE
    ../fplib/fmul6m.s                        0x00000000   Number         0  fmul.o ABSOLUTE
    ../fplib/usenofp.s                       0x00000000   Number         0  usenofp.o ABSOLUTE
    dc.s                                     0x00000000   Number         0  dc.o ABSOLUTE
    dl_common.c                              0x00000000   Number         0  dl_common.o ABSOLUTE
    dl_i2c.c                                 0x00000000   Number         0  dl_i2c.o ABSOLUTE
    dl_timer.c                               0x00000000   Number         0  dl_timer.o ABSOLUTE
    dl_uart.c                                0x00000000   Number         0  dl_uart.o ABSOLUTE
    empty.c                                  0x00000000   Number         0  empty.o ABSOLUTE
    motor.c                                  0x00000000   Number         0  motor.o ABSOLUTE
    oled.c                                   0x00000000   Number         0  oled.o ABSOLUTE
    pid.c                                    0x00000000   Number         0  pid.o ABSOLUTE
    servo.c                                  0x00000000   Number         0  servo.o ABSOLUTE
    startup_mspm0g350x_uvision.s             0x00000000   Number         0  startup_mspm0g350x_uvision.o ABSOLUTE
    ti_msp_dl_config.c                       0x00000000   Number         0  ti_msp_dl_config.o ABSOLUTE
    timer.c                                  0x00000000   Number         0  timer.o ABSOLUTE
    uart.c                                   0x00000000   Number         0  uart.o ABSOLUTE
    vision.c                                 0x00000000   Number         0  vision.o ABSOLUTE
    RESET                                    0x00000000   Section      192  startup_mspm0g350x_uvision.o(RESET)
    !!!main                                  0x000000c0   Section        8  __main.o(!!!main)
    !!!scatter                               0x000000c8   Section       84  __scatter.o(!!!scatter)
    !!handler_null                           0x00000120   Section        2  __scatter.o(!!handler_null)
    !!handler_zi                             0x00000128   Section       28  __scatter_zi.o(!!handler_zi)
    .ARM.Collect$$libinit$$00000000          0x00000144   Section        2  libinit.o(.ARM.Collect$$libinit$$00000000)
    .ARM.Collect$$libinit$$00000002          0x00000146   Section        0  libinit2.o(.ARM.Collect$$libinit$$00000002)
    .ARM.Collect$$libinit$$00000004          0x00000146   Section        0  libinit2.o(.ARM.Collect$$libinit$$00000004)
    .ARM.Collect$$libinit$$00000006          0x00000146   Section        0  libinit2.o(.ARM.Collect$$libinit$$00000006)
    .ARM.Collect$$libinit$$0000000C          0x00000146   Section        0  libinit2.o(.ARM.Collect$$libinit$$0000000C)
    .ARM.Collect$$libinit$$0000000E          0x00000146   Section        0  libinit2.o(.ARM.Collect$$libinit$$0000000E)
    .ARM.Collect$$libinit$$00000010          0x00000146   Section        0  libinit2.o(.ARM.Collect$$libinit$$00000010)
    .ARM.Collect$$libinit$$00000013          0x00000146   Section        0  libinit2.o(.ARM.Collect$$libinit$$00000013)
    .ARM.Collect$$libinit$$00000015          0x00000146   Section        0  libinit2.o(.ARM.Collect$$libinit$$00000015)
    .ARM.Collect$$libinit$$00000017          0x00000146   Section        0  libinit2.o(.ARM.Collect$$libinit$$00000017)
    .ARM.Collect$$libinit$$00000019          0x00000146   Section        0  libinit2.o(.ARM.Collect$$libinit$$00000019)
    .ARM.Collect$$libinit$$0000001B          0x00000146   Section        0  libinit2.o(.ARM.Collect$$libinit$$0000001B)
    .ARM.Collect$$libinit$$0000001D          0x00000146   Section        0  libinit2.o(.ARM.Collect$$libinit$$0000001D)
    .ARM.Collect$$libinit$$0000001F          0x00000146   Section        0  libinit2.o(.ARM.Collect$$libinit$$0000001F)
    .ARM.Collect$$libinit$$00000021          0x00000146   Section        0  libinit2.o(.ARM.Collect$$libinit$$00000021)
    .ARM.Collect$$libinit$$00000023          0x00000146   Section        0  libinit2.o(.ARM.Collect$$libinit$$00000023)
    .ARM.Collect$$libinit$$00000025          0x00000146   Section        0  libinit2.o(.ARM.Collect$$libinit$$00000025)
    .ARM.Collect$$libinit$$00000027          0x00000146   Section        0  libinit2.o(.ARM.Collect$$libinit$$00000027)
    .ARM.Collect$$libinit$$0000002E          0x00000146   Section        0  libinit2.o(.ARM.Collect$$libinit$$0000002E)
    .ARM.Collect$$libinit$$00000030          0x00000146   Section        0  libinit2.o(.ARM.Collect$$libinit$$00000030)
    .ARM.Collect$$libinit$$00000032          0x00000146   Section        0  libinit2.o(.ARM.Collect$$libinit$$00000032)
    .ARM.Collect$$libinit$$00000034          0x00000146   Section        0  libinit2.o(.ARM.Collect$$libinit$$00000034)
    .ARM.Collect$$libinit$$00000035          0x00000146   Section        2  libinit2.o(.ARM.Collect$$libinit$$00000035)
    .ARM.Collect$$libshutdown$$00000000      0x00000148   Section        2  libshutdown.o(.ARM.Collect$$libshutdown$$00000000)
    .ARM.Collect$$libshutdown$$00000002      0x0000014a   Section        0  libshutdown2.o(.ARM.Collect$$libshutdown$$00000002)
    .ARM.Collect$$libshutdown$$00000004      0x0000014a   Section        0  libshutdown2.o(.ARM.Collect$$libshutdown$$00000004)
    .ARM.Collect$$libshutdown$$00000007      0x0000014a   Section        0  libshutdown2.o(.ARM.Collect$$libshutdown$$00000007)
    .ARM.Collect$$libshutdown$$0000000A      0x0000014a   Section        0  libshutdown2.o(.ARM.Collect$$libshutdown$$0000000A)
    .ARM.Collect$$libshutdown$$0000000C      0x0000014a   Section        0  libshutdown2.o(.ARM.Collect$$libshutdown$$0000000C)
    .ARM.Collect$$libshutdown$$0000000F      0x0000014a   Section        0  libshutdown2.o(.ARM.Collect$$libshutdown$$0000000F)
    .ARM.Collect$$libshutdown$$00000010      0x0000014a   Section        2  libshutdown2.o(.ARM.Collect$$libshutdown$$00000010)
    .ARM.Collect$$rtentry$$00000000          0x0000014c   Section        0  __rtentry.o(.ARM.Collect$$rtentry$$00000000)
    .ARM.Collect$$rtentry$$00000002          0x0000014c   Section        0  __rtentry2.o(.ARM.Collect$$rtentry$$00000002)
    .ARM.Collect$$rtentry$$00000004          0x0000014c   Section        6  __rtentry4.o(.ARM.Collect$$rtentry$$00000004)
    .ARM.Collect$$rtentry$$00000009          0x00000152   Section        0  __rtentry2.o(.ARM.Collect$$rtentry$$00000009)
    .ARM.Collect$$rtentry$$0000000A          0x00000152   Section        4  __rtentry2.o(.ARM.Collect$$rtentry$$0000000A)
    .ARM.Collect$$rtentry$$0000000C          0x00000156   Section        0  __rtentry2.o(.ARM.Collect$$rtentry$$0000000C)
    .ARM.Collect$$rtentry$$0000000D          0x00000156   Section        8  __rtentry2.o(.ARM.Collect$$rtentry$$0000000D)
    .ARM.Collect$$rtexit$$00000000           0x0000015e   Section        2  rtexit.o(.ARM.Collect$$rtexit$$00000000)
    .ARM.Collect$$rtexit$$00000002           0x00000160   Section        0  rtexit2.o(.ARM.Collect$$rtexit$$00000002)
    .ARM.Collect$$rtexit$$00000003           0x00000160   Section        4  rtexit2.o(.ARM.Collect$$rtexit$$00000003)
    .ARM.Collect$$rtexit$$00000004           0x00000164   Section        6  rtexit2.o(.ARM.Collect$$rtexit$$00000004)
    .text                                    0x0000016c   Section       44  startup_mspm0g350x_uvision.o(.text)
    .text                                    0x00000198   Section        0  heapauxi.o(.text)
    .text                                    0x000001a0   Section        0  fdiv.o(.text)
    .text                                    0x00000300   Section        0  ffixui.o(.text)
    .text                                    0x00000330   Section        0  fflti.o(.text)
    .text                                    0x0000038e   Section       62  sys_stackheap_outer.o(.text)
    .text                                    0x000003cc   Section        0  exit.o(.text)
    .text                                    0x000003dc   Section        8  libspace.o(.text)
    .text                                    0x000003e4   Section        0  sys_exit.o(.text)
    .text                                    0x000003f0   Section        2  use_no_semi.o(.text)
    [Anonymous Symbol]                       0x000003f2   Section        0  dl_common.o(.text.DL_Common_delayCycles)
    .text                                    0x000003f2   Section        0  indicate_semi.o(.text)
    DL_Common_updateReg                      0x000003fd   Thumb Code    40  ti_msp_dl_config.o(.text.DL_Common_updateReg)
    [Anonymous Symbol]                       0x000003fc   Section        0  ti_msp_dl_config.o(.text.DL_Common_updateReg)
    DL_GPIO_clearInterruptStatus             0x00000425   Thumb Code    24  ti_msp_dl_config.o(.text.DL_GPIO_clearInterruptStatus)
    [Anonymous Symbol]                       0x00000424   Section        0  ti_msp_dl_config.o(.text.DL_GPIO_clearInterruptStatus)
    DL_GPIO_clearInterruptStatus             0x0000043d   Thumb Code    24  motor.o(.text.DL_GPIO_clearInterruptStatus)
    [Anonymous Symbol]                       0x0000043c   Section        0  motor.o(.text.DL_GPIO_clearInterruptStatus)
    __arm_cp.5_0                             0x00000454   Number         4  motor.o(.text.DL_GPIO_clearInterruptStatus)
    DL_GPIO_clearPins                        0x00000459   Thumb Code    20  empty.o(.text.DL_GPIO_clearPins)
    [Anonymous Symbol]                       0x00000458   Section        0  empty.o(.text.DL_GPIO_clearPins)
    DL_GPIO_clearPins                        0x0000046d   Thumb Code    20  ti_msp_dl_config.o(.text.DL_GPIO_clearPins)
    [Anonymous Symbol]                       0x0000046c   Section        0  ti_msp_dl_config.o(.text.DL_GPIO_clearPins)
    DL_GPIO_clearPins                        0x00000481   Thumb Code    20  motor.o(.text.DL_GPIO_clearPins)
    [Anonymous Symbol]                       0x00000480   Section        0  motor.o(.text.DL_GPIO_clearPins)
    DL_GPIO_enableHiZ                        0x00000495   Thumb Code    24  ti_msp_dl_config.o(.text.DL_GPIO_enableHiZ)
    [Anonymous Symbol]                       0x00000494   Section        0  ti_msp_dl_config.o(.text.DL_GPIO_enableHiZ)
    DL_GPIO_enableInterrupt                  0x000004ad   Thumb Code    24  ti_msp_dl_config.o(.text.DL_GPIO_enableInterrupt)
    [Anonymous Symbol]                       0x000004ac   Section        0  ti_msp_dl_config.o(.text.DL_GPIO_enableInterrupt)
    DL_GPIO_enableOutput                     0x000004c5   Thumb Code    20  ti_msp_dl_config.o(.text.DL_GPIO_enableOutput)
    [Anonymous Symbol]                       0x000004c4   Section        0  ti_msp_dl_config.o(.text.DL_GPIO_enableOutput)
    __arm_cp.22_0                            0x000004d8   Number         4  ti_msp_dl_config.o(.text.DL_GPIO_enableOutput)
    DL_GPIO_enablePower                      0x000004dd   Thumb Code    20  ti_msp_dl_config.o(.text.DL_GPIO_enablePower)
    [Anonymous Symbol]                       0x000004dc   Section        0  ti_msp_dl_config.o(.text.DL_GPIO_enablePower)
    DL_GPIO_getEnabledInterruptStatus        0x000004f1   Thumb Code    20  motor.o(.text.DL_GPIO_getEnabledInterruptStatus)
    [Anonymous Symbol]                       0x000004f0   Section        0  motor.o(.text.DL_GPIO_getEnabledInterruptStatus)
    __arm_cp.3_0                             0x00000504   Number         4  motor.o(.text.DL_GPIO_getEnabledInterruptStatus)
    DL_GPIO_initDigitalInput                 0x00000509   Thumb Code    20  ti_msp_dl_config.o(.text.DL_GPIO_initDigitalInput)
    [Anonymous Symbol]                       0x00000508   Section        0  ti_msp_dl_config.o(.text.DL_GPIO_initDigitalInput)
    __arm_cp.27_1                            0x0000051c   Number         4  ti_msp_dl_config.o(.text.DL_GPIO_initDigitalInput)
    DL_GPIO_initDigitalOutput                0x00000521   Thumb Code    20  ti_msp_dl_config.o(.text.DL_GPIO_initDigitalOutput)
    [Anonymous Symbol]                       0x00000520   Section        0  ti_msp_dl_config.o(.text.DL_GPIO_initDigitalOutput)
    DL_GPIO_initPeripheralInputFunction      0x00000535   Thumb Code    24  ti_msp_dl_config.o(.text.DL_GPIO_initPeripheralInputFunction)
    [Anonymous Symbol]                       0x00000534   Section        0  ti_msp_dl_config.o(.text.DL_GPIO_initPeripheralInputFunction)
    DL_GPIO_initPeripheralInputFunctionFeatures 0x0000054d   Thumb Code    52  ti_msp_dl_config.o(.text.DL_GPIO_initPeripheralInputFunctionFeatures)
    [Anonymous Symbol]                       0x0000054c   Section        0  ti_msp_dl_config.o(.text.DL_GPIO_initPeripheralInputFunctionFeatures)
    __arm_cp.23_0                            0x00000580   Number         4  ti_msp_dl_config.o(.text.DL_GPIO_initPeripheralInputFunctionFeatures)
    DL_GPIO_initPeripheralOutputFunction     0x00000585   Thumb Code    24  ti_msp_dl_config.o(.text.DL_GPIO_initPeripheralOutputFunction)
    [Anonymous Symbol]                       0x00000584   Section        0  ti_msp_dl_config.o(.text.DL_GPIO_initPeripheralOutputFunction)
    __arm_cp.21_0                            0x0000059c   Number         4  ti_msp_dl_config.o(.text.DL_GPIO_initPeripheralOutputFunction)
    DL_GPIO_readPins                         0x000005a1   Thumb Code    22  motor.o(.text.DL_GPIO_readPins)
    [Anonymous Symbol]                       0x000005a0   Section        0  motor.o(.text.DL_GPIO_readPins)
    DL_GPIO_reset                            0x000005b9   Thumb Code    16  ti_msp_dl_config.o(.text.DL_GPIO_reset)
    [Anonymous Symbol]                       0x000005b8   Section        0  ti_msp_dl_config.o(.text.DL_GPIO_reset)
    DL_GPIO_setLowerPinsPolarity             0x000005c9   Thumb Code    24  ti_msp_dl_config.o(.text.DL_GPIO_setLowerPinsPolarity)
    [Anonymous Symbol]                       0x000005c8   Section        0  ti_msp_dl_config.o(.text.DL_GPIO_setLowerPinsPolarity)
    __arm_cp.30_0                            0x000005e0   Number         4  ti_msp_dl_config.o(.text.DL_GPIO_setLowerPinsPolarity)
    DL_GPIO_setPins                          0x000005e5   Thumb Code    20  ti_msp_dl_config.o(.text.DL_GPIO_setPins)
    [Anonymous Symbol]                       0x000005e4   Section        0  ti_msp_dl_config.o(.text.DL_GPIO_setPins)
    DL_GPIO_setPins                          0x000005f9   Thumb Code    20  motor.o(.text.DL_GPIO_setPins)
    [Anonymous Symbol]                       0x000005f8   Section        0  motor.o(.text.DL_GPIO_setPins)
    __arm_cp.7_0                             0x0000060c   Number         4  motor.o(.text.DL_GPIO_setPins)
    DL_GPIO_setUpperPinsPolarity             0x00000611   Thumb Code    24  ti_msp_dl_config.o(.text.DL_GPIO_setUpperPinsPolarity)
    [Anonymous Symbol]                       0x00000610   Section        0  ti_msp_dl_config.o(.text.DL_GPIO_setUpperPinsPolarity)
    DL_I2C_enableAnalogGlitchFilter          0x00000629   Thumb Code    24  ti_msp_dl_config.o(.text.DL_I2C_enableAnalogGlitchFilter)
    [Anonymous Symbol]                       0x00000628   Section        0  ti_msp_dl_config.o(.text.DL_I2C_enableAnalogGlitchFilter)
    DL_I2C_enableController                  0x00000641   Thumb Code    20  ti_msp_dl_config.o(.text.DL_I2C_enableController)
    [Anonymous Symbol]                       0x00000640   Section        0  ti_msp_dl_config.o(.text.DL_I2C_enableController)
    DL_I2C_enableControllerClockStretching   0x00000655   Thumb Code    20  ti_msp_dl_config.o(.text.DL_I2C_enableControllerClockStretching)
    [Anonymous Symbol]                       0x00000654   Section        0  ti_msp_dl_config.o(.text.DL_I2C_enableControllerClockStretching)
    __arm_cp.49_0                            0x00000668   Number         4  ti_msp_dl_config.o(.text.DL_I2C_enableControllerClockStretching)
    DL_I2C_enablePower                       0x0000066d   Thumb Code    20  ti_msp_dl_config.o(.text.DL_I2C_enablePower)
    [Anonymous Symbol]                       0x0000066c   Section        0  ti_msp_dl_config.o(.text.DL_I2C_enablePower)
    DL_I2C_reset                             0x00000681   Thumb Code    16  ti_msp_dl_config.o(.text.DL_I2C_reset)
    [Anonymous Symbol]                       0x00000680   Section        0  ti_msp_dl_config.o(.text.DL_I2C_reset)
    __arm_cp.15_0                            0x00000690   Number         4  ti_msp_dl_config.o(.text.DL_I2C_reset)
    __arm_cp.15_1                            0x00000694   Number         4  ti_msp_dl_config.o(.text.DL_I2C_reset)
    DL_I2C_resetControllerTransfer           0x00000699   Thumb Code    16  ti_msp_dl_config.o(.text.DL_I2C_resetControllerTransfer)
    [Anonymous Symbol]                       0x00000698   Section        0  ti_msp_dl_config.o(.text.DL_I2C_resetControllerTransfer)
    __arm_cp.45_0                            0x000006a8   Number         4  ti_msp_dl_config.o(.text.DL_I2C_resetControllerTransfer)
    DL_I2C_setAnalogGlitchFilterPulseWidth   0x000006ad   Thumb Code    38  ti_msp_dl_config.o(.text.DL_I2C_setAnalogGlitchFilterPulseWidth)
    [Anonymous Symbol]                       0x000006ac   Section        0  ti_msp_dl_config.o(.text.DL_I2C_setAnalogGlitchFilterPulseWidth)
    [Anonymous Symbol]                       0x000006d2   Section        0  dl_i2c.o(.text.DL_I2C_setClockConfig)
    DL_I2C_setControllerRXFIFOThreshold      0x000006f9   Thumb Code    36  ti_msp_dl_config.o(.text.DL_I2C_setControllerRXFIFOThreshold)
    [Anonymous Symbol]                       0x000006f8   Section        0  ti_msp_dl_config.o(.text.DL_I2C_setControllerRXFIFOThreshold)
    DL_I2C_setControllerTXFIFOThreshold      0x0000071d   Thumb Code    36  ti_msp_dl_config.o(.text.DL_I2C_setControllerTXFIFOThreshold)
    [Anonymous Symbol]                       0x0000071c   Section        0  ti_msp_dl_config.o(.text.DL_I2C_setControllerTXFIFOThreshold)
    __arm_cp.47_0                            0x00000740   Number         4  ti_msp_dl_config.o(.text.DL_I2C_setControllerTXFIFOThreshold)
    DL_I2C_setTimerPeriod                    0x00000745   Thumb Code    20  ti_msp_dl_config.o(.text.DL_I2C_setTimerPeriod)
    [Anonymous Symbol]                       0x00000744   Section        0  ti_msp_dl_config.o(.text.DL_I2C_setTimerPeriod)
    __arm_cp.46_0                            0x00000758   Number         4  ti_msp_dl_config.o(.text.DL_I2C_setTimerPeriod)
    DL_SYSCTL_disableHFXT                    0x0000075d   Thumb Code    12  ti_msp_dl_config.o(.text.DL_SYSCTL_disableHFXT)
    [Anonymous Symbol]                       0x0000075c   Section        0  ti_msp_dl_config.o(.text.DL_SYSCTL_disableHFXT)
    DL_SYSCTL_disableSYSPLL                  0x00000769   Thumb Code    16  ti_msp_dl_config.o(.text.DL_SYSCTL_disableSYSPLL)
    [Anonymous Symbol]                       0x00000768   Section        0  ti_msp_dl_config.o(.text.DL_SYSCTL_disableSYSPLL)
    __arm_cp.37_0                            0x00000778   Number         4  ti_msp_dl_config.o(.text.DL_SYSCTL_disableSYSPLL)
    DL_SYSCTL_setBORThreshold                0x0000077d   Thumb Code    20  ti_msp_dl_config.o(.text.DL_SYSCTL_setBORThreshold)
    [Anonymous Symbol]                       0x0000077c   Section        0  ti_msp_dl_config.o(.text.DL_SYSCTL_setBORThreshold)
    __arm_cp.34_0                            0x00000790   Number         4  ti_msp_dl_config.o(.text.DL_SYSCTL_setBORThreshold)
    DL_SYSCTL_setMCLKDivider                 0x00000795   Thumb Code    24  ti_msp_dl_config.o(.text.DL_SYSCTL_setMCLKDivider)
    [Anonymous Symbol]                       0x00000794   Section        0  ti_msp_dl_config.o(.text.DL_SYSCTL_setMCLKDivider)
    DL_SYSCTL_setSYSOSCFreq                  0x000007ad   Thumb Code    24  ti_msp_dl_config.o(.text.DL_SYSCTL_setSYSOSCFreq)
    [Anonymous Symbol]                       0x000007ac   Section        0  ti_msp_dl_config.o(.text.DL_SYSCTL_setSYSOSCFreq)
    __arm_cp.35_0                            0x000007c4   Number         4  ti_msp_dl_config.o(.text.DL_SYSCTL_setSYSOSCFreq)
    DL_SYSCTL_setULPCLKDivider               0x000007c9   Thumb Code    24  ti_msp_dl_config.o(.text.DL_SYSCTL_setULPCLKDivider)
    [Anonymous Symbol]                       0x000007c8   Section        0  ti_msp_dl_config.o(.text.DL_SYSCTL_setULPCLKDivider)
    __arm_cp.38_0                            0x000007e0   Number         4  ti_msp_dl_config.o(.text.DL_SYSCTL_setULPCLKDivider)
    DL_Timer_enableClock                     0x000007e5   Thumb Code    16  ti_msp_dl_config.o(.text.DL_Timer_enableClock)
    [Anonymous Symbol]                       0x000007e4   Section        0  ti_msp_dl_config.o(.text.DL_Timer_enableClock)
    __arm_cp.40_0                            0x000007f4   Number         4  ti_msp_dl_config.o(.text.DL_Timer_enableClock)
    DL_Timer_enableInterrupt                 0x000007f9   Thumb Code    24  ti_msp_dl_config.o(.text.DL_Timer_enableInterrupt)
    [Anonymous Symbol]                       0x000007f8   Section        0  ti_msp_dl_config.o(.text.DL_Timer_enableInterrupt)
    __arm_cp.42_0                            0x00000810   Number         4  ti_msp_dl_config.o(.text.DL_Timer_enableInterrupt)
    DL_Timer_enablePower                     0x00000815   Thumb Code    20  ti_msp_dl_config.o(.text.DL_Timer_enablePower)
    [Anonymous Symbol]                       0x00000814   Section        0  ti_msp_dl_config.o(.text.DL_Timer_enablePower)
    __arm_cp.18_0                            0x00000828   Number         4  ti_msp_dl_config.o(.text.DL_Timer_enablePower)
    [Anonymous Symbol]                       0x0000082c   Section        0  dl_timer.o(.text.DL_Timer_initPWMMode)
    __arm_cp.11_1                            0x000008d8   Number         4  dl_timer.o(.text.DL_Timer_initPWMMode)
    __arm_cp.11_2                            0x000008dc   Number         4  dl_timer.o(.text.DL_Timer_initPWMMode)
    __arm_cp.11_3                            0x000008e0   Number         4  dl_timer.o(.text.DL_Timer_initPWMMode)
    __arm_cp.11_4                            0x000008e4   Number         4  dl_timer.o(.text.DL_Timer_initPWMMode)
    __arm_cp.11_6                            0x000008e8   Number         4  dl_timer.o(.text.DL_Timer_initPWMMode)
    [Anonymous Symbol]                       0x000008ec   Section        0  dl_timer.o(.text.DL_Timer_initTimerMode)
    __arm_cp.2_0                             0x000009cc   Number         4  dl_timer.o(.text.DL_Timer_initTimerMode)
    __arm_cp.2_2                             0x000009d0   Number         4  dl_timer.o(.text.DL_Timer_initTimerMode)
    __arm_cp.2_3                             0x000009d4   Number         4  dl_timer.o(.text.DL_Timer_initTimerMode)
    DL_Timer_reset                           0x000009d9   Thumb Code    16  ti_msp_dl_config.o(.text.DL_Timer_reset)
    [Anonymous Symbol]                       0x000009d8   Section        0  ti_msp_dl_config.o(.text.DL_Timer_reset)
    __arm_cp.14_0                            0x000009e8   Number         4  ti_msp_dl_config.o(.text.DL_Timer_reset)
    __arm_cp.14_1                            0x000009ec   Number         4  ti_msp_dl_config.o(.text.DL_Timer_reset)
    DL_Timer_setCCPDirection                 0x000009f1   Thumb Code    20  ti_msp_dl_config.o(.text.DL_Timer_setCCPDirection)
    [Anonymous Symbol]                       0x000009f0   Section        0  ti_msp_dl_config.o(.text.DL_Timer_setCCPDirection)
    [Anonymous Symbol]                       0x00000a04   Section        0  dl_timer.o(.text.DL_Timer_setCaptCompUpdateMethod)
    __arm_cp.26_0                            0x00000a1c   Number         4  dl_timer.o(.text.DL_Timer_setCaptCompUpdateMethod)
    [Anonymous Symbol]                       0x00000a20   Section        0  dl_timer.o(.text.DL_Timer_setCaptureCompareOutCtl)
    __arm_cp.13_0                            0x00000a34   Number         4  dl_timer.o(.text.DL_Timer_setCaptureCompareOutCtl)
    [Anonymous Symbol]                       0x00000a38   Section        0  dl_timer.o(.text.DL_Timer_setCaptureCompareValue)
    __arm_cp.3_0                             0x00000a44   Number         4  dl_timer.o(.text.DL_Timer_setCaptureCompareValue)
    [Anonymous Symbol]                       0x00000a48   Section        0  dl_timer.o(.text.DL_Timer_setClockConfig)
    __arm_cp.0_0                             0x00000a60   Number         4  dl_timer.o(.text.DL_Timer_setClockConfig)
    DL_Timer_startCounter                    0x00000a65   Thumb Code    20  empty.o(.text.DL_Timer_startCounter)
    [Anonymous Symbol]                       0x00000a64   Section        0  empty.o(.text.DL_Timer_startCounter)
    __arm_cp.3_0                             0x00000a78   Number         4  empty.o(.text.DL_Timer_startCounter)
    DL_UART_enable                           0x00000a7d   Thumb Code    22  ti_msp_dl_config.o(.text.DL_UART_enable)
    [Anonymous Symbol]                       0x00000a7c   Section        0  ti_msp_dl_config.o(.text.DL_UART_enable)
    DL_UART_enableInterrupt                  0x00000a95   Thumb Code    24  ti_msp_dl_config.o(.text.DL_UART_enableInterrupt)
    [Anonymous Symbol]                       0x00000a94   Section        0  ti_msp_dl_config.o(.text.DL_UART_enableInterrupt)
    __arm_cp.53_0                            0x00000aac   Number         4  ti_msp_dl_config.o(.text.DL_UART_enableInterrupt)
    DL_UART_enablePower                      0x00000ab1   Thumb Code    20  ti_msp_dl_config.o(.text.DL_UART_enablePower)
    [Anonymous Symbol]                       0x00000ab0   Section        0  ti_msp_dl_config.o(.text.DL_UART_enablePower)
    __arm_cp.20_0                            0x00000ac4   Number         4  ti_msp_dl_config.o(.text.DL_UART_enablePower)
    [Anonymous Symbol]                       0x00000ac8   Section        0  dl_uart.o(.text.DL_UART_init)
    __arm_cp.0_0                             0x00000b08   Number         4  dl_uart.o(.text.DL_UART_init)
    __arm_cp.0_1                             0x00000b0c   Number         4  dl_uart.o(.text.DL_UART_init)
    DL_UART_receiveData                      0x00000b11   Thumb Code    16  uart.o(.text.DL_UART_receiveData)
    [Anonymous Symbol]                       0x00000b10   Section        0  uart.o(.text.DL_UART_receiveData)
    __arm_cp.1_0                             0x00000b20   Number         4  uart.o(.text.DL_UART_receiveData)
    DL_UART_reset                            0x00000b25   Thumb Code    16  ti_msp_dl_config.o(.text.DL_UART_reset)
    [Anonymous Symbol]                       0x00000b24   Section        0  ti_msp_dl_config.o(.text.DL_UART_reset)
    __arm_cp.16_0                            0x00000b34   Number         4  ti_msp_dl_config.o(.text.DL_UART_reset)
    __arm_cp.16_1                            0x00000b38   Number         4  ti_msp_dl_config.o(.text.DL_UART_reset)
    DL_UART_setBaudRateDivisor               0x00000b3d   Thumb Code    60  ti_msp_dl_config.o(.text.DL_UART_setBaudRateDivisor)
    [Anonymous Symbol]                       0x00000b3c   Section        0  ti_msp_dl_config.o(.text.DL_UART_setBaudRateDivisor)
    __arm_cp.52_0                            0x00000b78   Number         4  ti_msp_dl_config.o(.text.DL_UART_setBaudRateDivisor)
    __arm_cp.52_1                            0x00000b7c   Number         4  ti_msp_dl_config.o(.text.DL_UART_setBaudRateDivisor)
    __arm_cp.52_2                            0x00000b80   Number         4  ti_msp_dl_config.o(.text.DL_UART_setBaudRateDivisor)
    __arm_cp.52_3                            0x00000b84   Number         4  ti_msp_dl_config.o(.text.DL_UART_setBaudRateDivisor)
    [Anonymous Symbol]                       0x00000b88   Section        0  dl_uart.o(.text.DL_UART_setClockConfig)
    DL_UART_setOversampling                  0x00000b9b   Thumb Code    30  ti_msp_dl_config.o(.text.DL_UART_setOversampling)
    [Anonymous Symbol]                       0x00000b9a   Section        0  ti_msp_dl_config.o(.text.DL_UART_setOversampling)
    DL_UART_transmitData                     0x00000bb9   Thumb Code    22  uart.o(.text.DL_UART_transmitData)
    [Anonymous Symbol]                       0x00000bb8   Section        0  uart.o(.text.DL_UART_transmitData)
    [Anonymous Symbol]                       0x00000bd0   Section        0  vision.o(.text.Data_processing_for_car_tracking)
    __arm_cp.0_0                             0x00000c84   Number         4  vision.o(.text.Data_processing_for_car_tracking)
    __arm_cp.0_1                             0x00000c88   Number         4  vision.o(.text.Data_processing_for_car_tracking)
    __arm_cp.0_2                             0x00000c8c   Number         4  vision.o(.text.Data_processing_for_car_tracking)
    __arm_cp.0_3                             0x00000c90   Number         4  vision.o(.text.Data_processing_for_car_tracking)
    __arm_cp.0_4                             0x00000c94   Number         4  vision.o(.text.Data_processing_for_car_tracking)
    [Anonymous Symbol]                       0x00000c98   Section        0  motor.o(.text.GROUP1_IRQHandler)
    __arm_cp.2_2                             0x00000d10   Number         4  motor.o(.text.GROUP1_IRQHandler)
    __arm_cp.2_3                             0x00000d14   Number         4  motor.o(.text.GROUP1_IRQHandler)
    __arm_cp.2_4                             0x00000d18   Number         4  motor.o(.text.GROUP1_IRQHandler)
    [Anonymous Symbol]                       0x00000d1c   Section        0  ti_msp_dl_config.o(.text.SYSCFG_DL_GPIO_init)
    __arm_cp.2_0                             0x00000e60   Number         4  ti_msp_dl_config.o(.text.SYSCFG_DL_GPIO_init)
    __arm_cp.2_1                             0x00000e64   Number         4  ti_msp_dl_config.o(.text.SYSCFG_DL_GPIO_init)
    __arm_cp.2_2                             0x00000e68   Number         4  ti_msp_dl_config.o(.text.SYSCFG_DL_GPIO_init)
    __arm_cp.2_3                             0x00000e6c   Number         4  ti_msp_dl_config.o(.text.SYSCFG_DL_GPIO_init)
    [Anonymous Symbol]                       0x00000e70   Section        0  ti_msp_dl_config.o(.text.SYSCFG_DL_I2C_0_init)
    __arm_cp.7_0                             0x00000ec0   Number         4  ti_msp_dl_config.o(.text.SYSCFG_DL_I2C_0_init)
    [Anonymous Symbol]                       0x00000ec4   Section        0  ti_msp_dl_config.o(.text.SYSCFG_DL_PWM_MOTOR_init)
    __arm_cp.5_0                             0x00000f38   Number         4  ti_msp_dl_config.o(.text.SYSCFG_DL_PWM_MOTOR_init)
    __arm_cp.5_2                             0x00000f3c   Number         4  ti_msp_dl_config.o(.text.SYSCFG_DL_PWM_MOTOR_init)
    [Anonymous Symbol]                       0x00000f40   Section        0  ti_msp_dl_config.o(.text.SYSCFG_DL_PWM_SERVO_init)
    __arm_cp.4_0                             0x00000fb8   Number         4  ti_msp_dl_config.o(.text.SYSCFG_DL_PWM_SERVO_init)
    __arm_cp.4_2                             0x00000fbc   Number         4  ti_msp_dl_config.o(.text.SYSCFG_DL_PWM_SERVO_init)
    [Anonymous Symbol]                       0x00000fc0   Section        0  ti_msp_dl_config.o(.text.SYSCFG_DL_SYSCTL_init)
    [Anonymous Symbol]                       0x00000fea   Section        0  ti_msp_dl_config.o(.text.SYSCFG_DL_SYSTICK_init)
    [Anonymous Symbol]                       0x00000fec   Section        0  ti_msp_dl_config.o(.text.SYSCFG_DL_TIMER_0_init)
    __arm_cp.6_0                             0x00001014   Number         4  ti_msp_dl_config.o(.text.SYSCFG_DL_TIMER_0_init)
    __arm_cp.6_2                             0x00001018   Number         4  ti_msp_dl_config.o(.text.SYSCFG_DL_TIMER_0_init)
    [Anonymous Symbol]                       0x0000101c   Section        0  ti_msp_dl_config.o(.text.SYSCFG_DL_UART_BLUETOOTH_init)
    __arm_cp.8_0                             0x00001058   Number         4  ti_msp_dl_config.o(.text.SYSCFG_DL_UART_BLUETOOTH_init)
    __arm_cp.8_2                             0x0000105c   Number         4  ti_msp_dl_config.o(.text.SYSCFG_DL_UART_BLUETOOTH_init)
    [Anonymous Symbol]                       0x00001060   Section        0  ti_msp_dl_config.o(.text.SYSCFG_DL_UART_VISION_init)
    __arm_cp.9_0                             0x0000109c   Number         4  ti_msp_dl_config.o(.text.SYSCFG_DL_UART_VISION_init)
    __arm_cp.9_2                             0x000010a0   Number         4  ti_msp_dl_config.o(.text.SYSCFG_DL_UART_VISION_init)
    [Anonymous Symbol]                       0x000010a4   Section        0  ti_msp_dl_config.o(.text.SYSCFG_DL_init)
    __arm_cp.0_0                             0x000010dc   Number         4  ti_msp_dl_config.o(.text.SYSCFG_DL_init)
    __arm_cp.0_1                             0x000010e0   Number         4  ti_msp_dl_config.o(.text.SYSCFG_DL_init)
    [Anonymous Symbol]                       0x000010e4   Section        0  ti_msp_dl_config.o(.text.SYSCFG_DL_initPower)
    __arm_cp.1_1                             0x00001164   Number         4  ti_msp_dl_config.o(.text.SYSCFG_DL_initPower)
    __arm_cp.1_5                             0x00001168   Number         4  ti_msp_dl_config.o(.text.SYSCFG_DL_initPower)
    [Anonymous Symbol]                       0x0000116c   Section        0  timer.o(.text.TIMG7_IRQHandler)
    [Anonymous Symbol]                       0x00001178   Section        0  uart.o(.text.UART0_IRQHandler)
    __arm_cp.3_0                             0x00001190   Number         4  uart.o(.text.UART0_IRQHandler)
    __arm_cp.3_1                             0x00001194   Number         4  uart.o(.text.UART0_IRQHandler)
    [Anonymous Symbol]                       0x00001198   Section        0  uart.o(.text.UART2_IRQHandler)
    __arm_cp.0_0                             0x000011c0   Number         4  uart.o(.text.UART2_IRQHandler)
    __arm_cp.0_1                             0x000011c4   Number         4  uart.o(.text.UART2_IRQHandler)
    __NVIC_ClearPendingIRQ                   0x000011c9   Thumb Code    40  empty.o(.text.__NVIC_ClearPendingIRQ)
    [Anonymous Symbol]                       0x000011c8   Section        0  empty.o(.text.__NVIC_ClearPendingIRQ)
    __arm_cp.1_0                             0x000011f0   Number         4  empty.o(.text.__NVIC_ClearPendingIRQ)
    __NVIC_EnableIRQ                         0x000011f5   Thumb Code    40  empty.o(.text.__NVIC_EnableIRQ)
    [Anonymous Symbol]                       0x000011f4   Section        0  empty.o(.text.__NVIC_EnableIRQ)
    __arm_cp.2_0                             0x0000121c   Number         4  empty.o(.text.__NVIC_EnableIRQ)
    [Anonymous Symbol]                       0x00001220   Section        0  empty.o(.text.main)
    __arm_cp.0_0                             0x0000126c   Number         4  empty.o(.text.main)
    __arm_cp.0_1                             0x00001270   Number         4  empty.o(.text.main)
    __arm_cp.0_2                             0x00001274   Number         4  empty.o(.text.main)
    [Anonymous Symbol]                       0x00001278   Section        0  motor.o(.text.motor_coutrol)
    __arm_cp.6_0                             0x00001338   Number         4  motor.o(.text.motor_coutrol)
    __arm_cp.6_1                             0x0000133c   Number         4  motor.o(.text.motor_coutrol)
    __arm_cp.6_2                             0x00001340   Number         4  motor.o(.text.motor_coutrol)
    __arm_cp.6_3                             0x00001344   Number         4  motor.o(.text.motor_coutrol)
    __arm_cp.6_4                             0x00001348   Number         4  motor.o(.text.motor_coutrol)
    __arm_cp.6_5                             0x0000134c   Number         4  motor.o(.text.motor_coutrol)
    __arm_cp.6_6                             0x00001350   Number         4  motor.o(.text.motor_coutrol)
    [Anonymous Symbol]                       0x00001354   Section        0  motor.o(.text.set_speed)
    __arm_cp.1_0                             0x000013b0   Number         4  motor.o(.text.set_speed)
    __arm_cp.1_1                             0x000013b4   Number         4  motor.o(.text.set_speed)
    __arm_cp.1_2                             0x000013b8   Number         4  motor.o(.text.set_speed)
    __arm_cp.1_3                             0x000013bc   Number         4  motor.o(.text.set_speed)
    x$fpl$fmul                               0x000013c0   Section      176  fmul.o(x$fpl$fmul)
    fdiv_tab                                 0x00001470   Data          64  fdiv.o(.constdata)
    .constdata                               0x00001470   Section       64  fdiv.o(.constdata)
    x$fpl$usenofp                            0x00001470   Section        0  usenofp.o(x$fpl$usenofp)
    gI2C_0ClockConfig                        0x000014b0   Data           2  ti_msp_dl_config.o(.rodata.gI2C_0ClockConfig)
    [Anonymous Symbol]                       0x000014b0   Section        0  ti_msp_dl_config.o(.rodata.gI2C_0ClockConfig)
    gPWM_MOTORClockConfig                    0x000014b2   Data           3  ti_msp_dl_config.o(.rodata.gPWM_MOTORClockConfig)
    [Anonymous Symbol]                       0x000014b2   Section        0  ti_msp_dl_config.o(.rodata.gPWM_MOTORClockConfig)
    gPWM_MOTORConfig                         0x000014b8   Data           8  ti_msp_dl_config.o(.rodata.gPWM_MOTORConfig)
    [Anonymous Symbol]                       0x000014b8   Section        0  ti_msp_dl_config.o(.rodata.gPWM_MOTORConfig)
    gPWM_SERVOClockConfig                    0x000014c0   Data           3  ti_msp_dl_config.o(.rodata.gPWM_SERVOClockConfig)
    [Anonymous Symbol]                       0x000014c0   Section        0  ti_msp_dl_config.o(.rodata.gPWM_SERVOClockConfig)
    gPWM_SERVOConfig                         0x000014c4   Data           8  ti_msp_dl_config.o(.rodata.gPWM_SERVOConfig)
    [Anonymous Symbol]                       0x000014c4   Section        0  ti_msp_dl_config.o(.rodata.gPWM_SERVOConfig)
    gTIMER_0ClockConfig                      0x000014cc   Data           3  ti_msp_dl_config.o(.rodata.gTIMER_0ClockConfig)
    [Anonymous Symbol]                       0x000014cc   Section        0  ti_msp_dl_config.o(.rodata.gTIMER_0ClockConfig)
    gTIMER_0TimerConfig                      0x000014d0   Data          20  ti_msp_dl_config.o(.rodata.gTIMER_0TimerConfig)
    [Anonymous Symbol]                       0x000014d0   Section        0  ti_msp_dl_config.o(.rodata.gTIMER_0TimerConfig)
    gUART_BLUETOOTHClockConfig               0x000014e4   Data           2  ti_msp_dl_config.o(.rodata.gUART_BLUETOOTHClockConfig)
    [Anonymous Symbol]                       0x000014e4   Section        0  ti_msp_dl_config.o(.rodata.gUART_BLUETOOTHClockConfig)
    gUART_BLUETOOTHConfig                    0x000014e6   Data          10  ti_msp_dl_config.o(.rodata.gUART_BLUETOOTHConfig)
    [Anonymous Symbol]                       0x000014e6   Section        0  ti_msp_dl_config.o(.rodata.gUART_BLUETOOTHConfig)
    gUART_VISIONClockConfig                  0x000014f0   Data           2  ti_msp_dl_config.o(.rodata.gUART_VISIONClockConfig)
    [Anonymous Symbol]                       0x000014f0   Section        0  ti_msp_dl_config.o(.rodata.gUART_VISIONClockConfig)
    gUART_VISIONConfig                       0x000014f2   Data          10  ti_msp_dl_config.o(.rodata.gUART_VISIONConfig)
    [Anonymous Symbol]                       0x000014f2   Section        0  ti_msp_dl_config.o(.rodata.gUART_VISIONConfig)
    .bss                                     0x20200000   Section       96  libspace.o(.bss)
    Data_processing_for_car_tracking.RxBuffer 0x20200064   Data          10  vision.o(.bss.Data_processing_for_car_tracking.RxBuffer)
    [Anonymous Symbol]                       0x20200064   Section        0  vision.o(.bss.Data_processing_for_car_tracking.RxBuffer)
    Data_processing_for_car_tracking.data_cnt 0x2020006e   Data           1  vision.o(.bss.Data_processing_for_car_tracking.data_cnt)
    [Anonymous Symbol]                       0x2020006e   Section        0  vision.o(.bss.Data_processing_for_car_tracking.data_cnt)
    Data_processing_for_car_tracking.state   0x2020006f   Data           1  vision.o(.bss.Data_processing_for_car_tracking.state)
    [Anonymous Symbol]                       0x2020006f   Section        0  vision.o(.bss.Data_processing_for_car_tracking.state)
    Heap_Mem                                 0x20200180   Data           0  startup_mspm0g350x_uvision.o(HEAP)
    Stack_Mem                                0x20200180   Data         256  startup_mspm0g350x_uvision.o(STACK)
    HEAP                                     0x20200180   Section        0  startup_mspm0g350x_uvision.o(HEAP)
    STACK                                    0x20200180   Section      256  startup_mspm0g350x_uvision.o(STACK)
    __initial_sp                             0x20200280   Data           0  startup_mspm0g350x_uvision.o(STACK)

    Global Symbols

    Symbol Name                              Value     Ov Type        Size  Object(Section)

    BuildAttributes$$THM_ISAv3M$S$PE$A:L22$X:L11$S22$IEEE1$IW$~IW$USESV6$~STKCKD$USESV7$~SHL$OTIME$ROPI$EBA8$UX$STANDARDLIB$REQ8$PRES8$EABIv2 0x00000000   Number         0  anon$$obj.o ABSOLUTE
    __Vectors                                0x00000000   Data           4  startup_mspm0g350x_uvision.o(RESET)
    __ARM_exceptions_init                     - Undefined Weak Reference
    __alloca_initialize                       - Undefined Weak Reference
    __arm_preinit_                            - Undefined Weak Reference
    __arm_relocate_pie_                       - Undefined Weak Reference
    __cpp_initialize__aeabi_                  - Undefined Weak Reference
    __cxa_finalize                            - Undefined Weak Reference
    __rt_locale                               - Undefined Weak Reference
    __sigvec_lookup                           - Undefined Weak Reference
    _atexit_init                              - Undefined Weak Reference
    _call_atexit_fns                          - Undefined Weak Reference
    _clock_init                               - Undefined Weak Reference
    _fp_trap_init                             - Undefined Weak Reference
    _fp_trap_shutdown                         - Undefined Weak Reference
    _get_lc_collate                           - Undefined Weak Reference
    _get_lc_ctype                             - Undefined Weak Reference
    _get_lc_monetary                          - Undefined Weak Reference
    _get_lc_numeric                           - Undefined Weak Reference
    _get_lc_time                              - Undefined Weak Reference
    _getenv_init                              - Undefined Weak Reference
    _handle_redirection                       - Undefined Weak Reference
    _init_alloc                               - Undefined Weak Reference
    _init_user_alloc                          - Undefined Weak Reference
    _initio                                   - Undefined Weak Reference
    _rand_init                                - Undefined Weak Reference
    _signal_finish                            - Undefined Weak Reference
    _signal_init                              - Undefined Weak Reference
    _terminate_alloc                          - Undefined Weak Reference
    _terminate_user_alloc                     - Undefined Weak Reference
    _terminateio                              - Undefined Weak Reference
    __Vectors_End                            0x000000c0   Data           0  startup_mspm0g350x_uvision.o(RESET)
    __Vectors_Size                           0x000000c0   Number         0  startup_mspm0g350x_uvision.o ABSOLUTE
    __main                                   0x000000c1   Thumb Code     8  __main.o(!!!main)
    __scatterload                            0x000000c9   Thumb Code     0  __scatter.o(!!!scatter)
    __scatterload_rt2                        0x000000c9   Thumb Code    74  __scatter.o(!!!scatter)
    __scatterload_rt2_thumb_only             0x000000c9   Thumb Code     0  __scatter.o(!!!scatter)
    __scatterload_loop                       0x000000d3   Thumb Code     0  __scatter.o(!!!scatter)
    __scatterload_null                       0x00000121   Thumb Code     2  __scatter.o(!!handler_null)
    __scatterload_zeroinit                   0x00000129   Thumb Code    28  __scatter_zi.o(!!handler_zi)
    __rt_lib_init                            0x00000145   Thumb Code     0  libinit.o(.ARM.Collect$$libinit$$00000000)
    __rt_lib_init_alloca_1                   0x00000147   Thumb Code     0  libinit2.o(.ARM.Collect$$libinit$$00000030)
    __rt_lib_init_argv_1                     0x00000147   Thumb Code     0  libinit2.o(.ARM.Collect$$libinit$$0000002E)
    __rt_lib_init_atexit_1                   0x00000147   Thumb Code     0  libinit2.o(.ARM.Collect$$libinit$$0000001D)
    __rt_lib_init_clock_1                    0x00000147   Thumb Code     0  libinit2.o(.ARM.Collect$$libinit$$00000023)
    __rt_lib_init_cpp_1                      0x00000147   Thumb Code     0  libinit2.o(.ARM.Collect$$libinit$$00000034)
    __rt_lib_init_exceptions_1               0x00000147   Thumb Code     0  libinit2.o(.ARM.Collect$$libinit$$00000032)
    __rt_lib_init_fp_1                       0x00000147   Thumb Code     0  libinit2.o(.ARM.Collect$$libinit$$00000002)
    __rt_lib_init_fp_trap_1                  0x00000147   Thumb Code     0  libinit2.o(.ARM.Collect$$libinit$$00000021)
    __rt_lib_init_getenv_1                   0x00000147   Thumb Code     0  libinit2.o(.ARM.Collect$$libinit$$00000025)
    __rt_lib_init_heap_1                     0x00000147   Thumb Code     0  libinit2.o(.ARM.Collect$$libinit$$0000000C)
    __rt_lib_init_lc_collate_1               0x00000147   Thumb Code     0  libinit2.o(.ARM.Collect$$libinit$$00000013)
    __rt_lib_init_lc_ctype_1                 0x00000147   Thumb Code     0  libinit2.o(.ARM.Collect$$libinit$$00000015)
    __rt_lib_init_lc_monetary_1              0x00000147   Thumb Code     0  libinit2.o(.ARM.Collect$$libinit$$00000017)
    __rt_lib_init_lc_numeric_1               0x00000147   Thumb Code     0  libinit2.o(.ARM.Collect$$libinit$$00000019)
    __rt_lib_init_lc_time_1                  0x00000147   Thumb Code     0  libinit2.o(.ARM.Collect$$libinit$$0000001B)
    __rt_lib_init_preinit_1                  0x00000147   Thumb Code     0  libinit2.o(.ARM.Collect$$libinit$$00000006)
    __rt_lib_init_rand_1                     0x00000147   Thumb Code     0  libinit2.o(.ARM.Collect$$libinit$$00000010)
    __rt_lib_init_relocate_pie_1             0x00000147   Thumb Code     0  libinit2.o(.ARM.Collect$$libinit$$00000004)
    __rt_lib_init_return                     0x00000147   Thumb Code     0  libinit2.o(.ARM.Collect$$libinit$$00000035)
    __rt_lib_init_signal_1                   0x00000147   Thumb Code     0  libinit2.o(.ARM.Collect$$libinit$$0000001F)
    __rt_lib_init_stdio_1                    0x00000147   Thumb Code     0  libinit2.o(.ARM.Collect$$libinit$$00000027)
    __rt_lib_init_user_alloc_1               0x00000147   Thumb Code     0  libinit2.o(.ARM.Collect$$libinit$$0000000E)
    __rt_lib_shutdown                        0x00000149   Thumb Code     0  libshutdown.o(.ARM.Collect$$libshutdown$$00000000)
    __rt_lib_shutdown_cpp_1                  0x0000014b   Thumb Code     0  libshutdown2.o(.ARM.Collect$$libshutdown$$00000002)
    __rt_lib_shutdown_fp_trap_1              0x0000014b   Thumb Code     0  libshutdown2.o(.ARM.Collect$$libshutdown$$00000007)
    __rt_lib_shutdown_heap_1                 0x0000014b   Thumb Code     0  libshutdown2.o(.ARM.Collect$$libshutdown$$0000000F)
    __rt_lib_shutdown_return                 0x0000014b   Thumb Code     0  libshutdown2.o(.ARM.Collect$$libshutdown$$00000010)
    __rt_lib_shutdown_signal_1               0x0000014b   Thumb Code     0  libshutdown2.o(.ARM.Collect$$libshutdown$$0000000A)
    __rt_lib_shutdown_stdio_1                0x0000014b   Thumb Code     0  libshutdown2.o(.ARM.Collect$$libshutdown$$00000004)
    __rt_lib_shutdown_user_alloc_1           0x0000014b   Thumb Code     0  libshutdown2.o(.ARM.Collect$$libshutdown$$0000000C)
    __rt_entry                               0x0000014d   Thumb Code     0  __rtentry.o(.ARM.Collect$$rtentry$$00000000)
    __rt_entry_presh_1                       0x0000014d   Thumb Code     0  __rtentry2.o(.ARM.Collect$$rtentry$$00000002)
    __rt_entry_sh                            0x0000014d   Thumb Code     0  __rtentry4.o(.ARM.Collect$$rtentry$$00000004)
    __rt_entry_li                            0x00000153   Thumb Code     0  __rtentry2.o(.ARM.Collect$$rtentry$$0000000A)
    __rt_entry_postsh_1                      0x00000153   Thumb Code     0  __rtentry2.o(.ARM.Collect$$rtentry$$00000009)
    __rt_entry_main                          0x00000157   Thumb Code     0  __rtentry2.o(.ARM.Collect$$rtentry$$0000000D)
    __rt_entry_postli_1                      0x00000157   Thumb Code     0  __rtentry2.o(.ARM.Collect$$rtentry$$0000000C)
    __rt_exit                                0x0000015f   Thumb Code     0  rtexit.o(.ARM.Collect$$rtexit$$00000000)
    __rt_exit_ls                             0x00000161   Thumb Code     0  rtexit2.o(.ARM.Collect$$rtexit$$00000003)
    __rt_exit_prels_1                        0x00000161   Thumb Code     0  rtexit2.o(.ARM.Collect$$rtexit$$00000002)
    __rt_exit_exit                           0x00000165   Thumb Code     0  rtexit2.o(.ARM.Collect$$rtexit$$00000004)
    Reset_Handler                            0x0000016d   Thumb Code     4  startup_mspm0g350x_uvision.o(.text)
    NMI_Handler                              0x00000171   Thumb Code     2  startup_mspm0g350x_uvision.o(.text)
    HardFault_Handler                        0x00000173   Thumb Code     2  startup_mspm0g350x_uvision.o(.text)
    SVC_Handler                              0x00000175   Thumb Code     2  startup_mspm0g350x_uvision.o(.text)
    PendSV_Handler                           0x00000177   Thumb Code     2  startup_mspm0g350x_uvision.o(.text)
    SysTick_Handler                          0x00000179   Thumb Code     2  startup_mspm0g350x_uvision.o(.text)
    ADC0_IRQHandler                          0x0000017b   Thumb Code     0  startup_mspm0g350x_uvision.o(.text)
    ADC1_IRQHandler                          0x0000017b   Thumb Code     0  startup_mspm0g350x_uvision.o(.text)
    AES_IRQHandler                           0x0000017b   Thumb Code     0  startup_mspm0g350x_uvision.o(.text)
    CANFD0_IRQHandler                        0x0000017b   Thumb Code     0  startup_mspm0g350x_uvision.o(.text)
    DAC0_IRQHandler                          0x0000017b   Thumb Code     0  startup_mspm0g350x_uvision.o(.text)
    DMA_IRQHandler                           0x0000017b   Thumb Code     0  startup_mspm0g350x_uvision.o(.text)
    Default_Handler                          0x0000017b   Thumb Code     2  startup_mspm0g350x_uvision.o(.text)
    GROUP0_IRQHandler                        0x0000017b   Thumb Code     0  startup_mspm0g350x_uvision.o(.text)
    I2C0_IRQHandler                          0x0000017b   Thumb Code     0  startup_mspm0g350x_uvision.o(.text)
    I2C1_IRQHandler                          0x0000017b   Thumb Code     0  startup_mspm0g350x_uvision.o(.text)
    RTC_IRQHandler                           0x0000017b   Thumb Code     0  startup_mspm0g350x_uvision.o(.text)
    SPI0_IRQHandler                          0x0000017b   Thumb Code     0  startup_mspm0g350x_uvision.o(.text)
    SPI1_IRQHandler                          0x0000017b   Thumb Code     0  startup_mspm0g350x_uvision.o(.text)
    TIMA0_IRQHandler                         0x0000017b   Thumb Code     0  startup_mspm0g350x_uvision.o(.text)
    TIMA1_IRQHandler                         0x0000017b   Thumb Code     0  startup_mspm0g350x_uvision.o(.text)
    TIMG0_IRQHandler                         0x0000017b   Thumb Code     0  startup_mspm0g350x_uvision.o(.text)
    TIMG12_IRQHandler                        0x0000017b   Thumb Code     0  startup_mspm0g350x_uvision.o(.text)
    TIMG6_IRQHandler                         0x0000017b   Thumb Code     0  startup_mspm0g350x_uvision.o(.text)
    TIMG8_IRQHandler                         0x0000017b   Thumb Code     0  startup_mspm0g350x_uvision.o(.text)
    UART1_IRQHandler                         0x0000017b   Thumb Code     0  startup_mspm0g350x_uvision.o(.text)
    UART3_IRQHandler                         0x0000017b   Thumb Code     0  startup_mspm0g350x_uvision.o(.text)
    __user_initial_stackheap                 0x0000017d   Thumb Code    10  startup_mspm0g350x_uvision.o(.text)
    __use_two_region_memory                  0x00000199   Thumb Code     2  heapauxi.o(.text)
    __rt_heap_escrow$2region                 0x0000019b   Thumb Code     2  heapauxi.o(.text)
    __rt_heap_expand$2region                 0x0000019d   Thumb Code     2  heapauxi.o(.text)
    __aeabi_fdiv                             0x000001a1   Thumb Code     0  fdiv.o(.text)
    _fdiv                                    0x000001a1   Thumb Code   334  fdiv.o(.text)
    _frdiv                                   0x000002ef   Thumb Code     8  fdiv.o(.text)
    __aeabi_f2uiz                            0x00000301   Thumb Code     0  ffixui.o(.text)
    _ffixu                                   0x00000301   Thumb Code    48  ffixui.o(.text)
    __aeabi_i2f_normalise                    0x00000331   Thumb Code    72  fflti.o(.text)
    __aeabi_i2f                              0x00000379   Thumb Code    16  fflti.o(.text)
    _fflt                                    0x00000379   Thumb Code     0  fflti.o(.text)
    __aeabi_ui2f                             0x00000389   Thumb Code     6  fflti.o(.text)
    _ffltu                                   0x00000389   Thumb Code     0  fflti.o(.text)
    __user_setup_stackheap                   0x0000038f   Thumb Code    62  sys_stackheap_outer.o(.text)
    exit                                     0x000003cd   Thumb Code    16  exit.o(.text)
    __user_libspace                          0x000003dd   Thumb Code     8  libspace.o(.text)
    __user_perproc_libspace                  0x000003dd   Thumb Code     0  libspace.o(.text)
    __user_perthread_libspace                0x000003dd   Thumb Code     0  libspace.o(.text)
    _sys_exit                                0x000003e5   Thumb Code     8  sys_exit.o(.text)
    __I$use$semihosting                      0x000003f1   Thumb Code     0  use_no_semi.o(.text)
    __use_no_semihosting_swi                 0x000003f1   Thumb Code     2  use_no_semi.o(.text)
    DL_Common_delayCycles                    0x000003f3   Thumb Code    10  dl_common.o(.text.DL_Common_delayCycles)
    __semihosting_library_function           0x000003f3   Thumb Code     0  indicate_semi.o(.text)
    DL_I2C_setClockConfig                    0x000006d3   Thumb Code    38  dl_i2c.o(.text.DL_I2C_setClockConfig)
    DL_Timer_initPWMMode                     0x0000082d   Thumb Code   192  dl_timer.o(.text.DL_Timer_initPWMMode)
    DL_Timer_initTimerMode                   0x000008ed   Thumb Code   236  dl_timer.o(.text.DL_Timer_initTimerMode)
    DL_Timer_setCaptCompUpdateMethod         0x00000a05   Thumb Code    28  dl_timer.o(.text.DL_Timer_setCaptCompUpdateMethod)
    DL_Timer_setCaptureCompareOutCtl         0x00000a21   Thumb Code    24  dl_timer.o(.text.DL_Timer_setCaptureCompareOutCtl)
    DL_Timer_setCaptureCompareValue          0x00000a39   Thumb Code    16  dl_timer.o(.text.DL_Timer_setCaptureCompareValue)
    DL_Timer_setClockConfig                  0x00000a49   Thumb Code    28  dl_timer.o(.text.DL_Timer_setClockConfig)
    DL_UART_init                             0x00000ac9   Thumb Code    72  dl_uart.o(.text.DL_UART_init)
    DL_UART_setClockConfig                   0x00000b89   Thumb Code    18  dl_uart.o(.text.DL_UART_setClockConfig)
    Data_processing_for_car_tracking         0x00000bd1   Thumb Code   180  vision.o(.text.Data_processing_for_car_tracking)
    GROUP1_IRQHandler                        0x00000c99   Thumb Code   120  motor.o(.text.GROUP1_IRQHandler)
    SYSCFG_DL_GPIO_init                      0x00000d1d   Thumb Code   324  ti_msp_dl_config.o(.text.SYSCFG_DL_GPIO_init)
    SYSCFG_DL_I2C_0_init                     0x00000e71   Thumb Code    80  ti_msp_dl_config.o(.text.SYSCFG_DL_I2C_0_init)
    SYSCFG_DL_PWM_MOTOR_init                 0x00000ec5   Thumb Code   116  ti_msp_dl_config.o(.text.SYSCFG_DL_PWM_MOTOR_init)
    SYSCFG_DL_PWM_SERVO_init                 0x00000f41   Thumb Code   120  ti_msp_dl_config.o(.text.SYSCFG_DL_PWM_SERVO_init)
    SYSCFG_DL_SYSCTL_init                    0x00000fc1   Thumb Code    42  ti_msp_dl_config.o(.text.SYSCFG_DL_SYSCTL_init)
    SYSCFG_DL_SYSTICK_init                   0x00000feb   Thumb Code     2  ti_msp_dl_config.o(.text.SYSCFG_DL_SYSTICK_init)
    SYSCFG_DL_TIMER_0_init                   0x00000fed   Thumb Code    40  ti_msp_dl_config.o(.text.SYSCFG_DL_TIMER_0_init)
    SYSCFG_DL_UART_BLUETOOTH_init            0x0000101d   Thumb Code    60  ti_msp_dl_config.o(.text.SYSCFG_DL_UART_BLUETOOTH_init)
    SYSCFG_DL_UART_VISION_init               0x00001061   Thumb Code    60  ti_msp_dl_config.o(.text.SYSCFG_DL_UART_VISION_init)
    SYSCFG_DL_init                           0x000010a5   Thumb Code    56  ti_msp_dl_config.o(.text.SYSCFG_DL_init)
    SYSCFG_DL_initPower                      0x000010e5   Thumb Code   128  ti_msp_dl_config.o(.text.SYSCFG_DL_initPower)
    TIMG7_IRQHandler                         0x0000116d   Thumb Code    12  timer.o(.text.TIMG7_IRQHandler)
    UART0_IRQHandler                         0x00001179   Thumb Code    24  uart.o(.text.UART0_IRQHandler)
    UART2_IRQHandler                         0x00001199   Thumb Code    40  uart.o(.text.UART2_IRQHandler)
    main                                     0x00001221   Thumb Code    76  empty.o(.text.main)
    motor_coutrol                            0x00001279   Thumb Code   192  motor.o(.text.motor_coutrol)
    set_speed                                0x00001355   Thumb Code    92  motor.o(.text.set_speed)
    __aeabi_fmul                             0x000013c1   Thumb Code     0  fmul.o(x$fpl$fmul)
    _fmul                                    0x000013c1   Thumb Code   172  fmul.o(x$fpl$fmul)
    __I$use$fp                               0x00001470   Number         0  usenofp.o(x$fpl$usenofp)
    Region$$Table$$Base                      0x00001500   Number         0  anon$$obj.o(Region$$Table)
    Region$$Table$$Limit                     0x00001510   Number         0  anon$$obj.o(Region$$Table)
    __libspace_start                         0x20200000   Data          96  libspace.o(.bss)
    CompareValue                             0x20200060   Data           4  motor.o(.bss.CompareValue)
    __temporary_stack_top$libspace           0x20200060   Data           0  libspace.o(.bss)
    data_bluetooth                           0x20200070   Data           1  uart.o(.bss.data_bluetooth)
    data_vision                              0x20200071   Data           1  uart.o(.bss.data_vision)
    gEncoderCount1                           0x20200074   Data           4  motor.o(.bss.gEncoderCount1)
    gEncoderCount2                           0x20200078   Data           4  motor.o(.bss.gEncoderCount2)
    gPWM_SERVOBackup                         0x2020007c   Data         120  ti_msp_dl_config.o(.bss.gPWM_SERVOBackup)
    gTIMER_0Backup                           0x202000f4   Data         120  ti_msp_dl_config.o(.bss.gTIMER_0Backup)
    gpioA                                    0x2020016c   Data           1  motor.o(.bss.gpioA)
    rho_org                                  0x20200170   Data           4  vision.o(.bss.rho_org)
    theta_org                                0x20200174   Data           4  vision.o(.bss.theta_org)
    vision_left                              0x20200178   Data           4  motor.o(.bss.vision_left)
    vision_right                             0x2020017c   Data           4  motor.o(.bss.vision_right)



==============================================================================

Memory Map of the image

  Image Entry point : 0x000000c1

  Load Region LR_IROM1 (Base: 0x00000000, Size: 0x00001510, Max: 0x00020000, ABSOLUTE)

    Execution Region ER_IROM1 (Exec base: 0x00000000, Load base: 0x00000000, Size: 0x00001510, Max: 0x00020000, ABSOLUTE)

    Exec Addr    Load Addr    Size         Type   Attr      Idx    E Section Name        Object

    0x00000000   0x00000000   0x000000c0   Data   RO           23    RESET               startup_mspm0g350x_uvision.o
    0x000000c0   0x000000c0   0x00000008   Code   RO          498  * !!!main             c_p.l(__main.o)
    0x000000c8   0x000000c8   0x00000054   Code   RO          717    !!!scatter          c_p.l(__scatter.o)
    0x0000011c   0x0000011c   0x00000004   PAD
    0x00000120   0x00000120   0x00000002   Code   RO          718    !!handler_null      c_p.l(__scatter.o)
    0x00000122   0x00000122   0x00000006   PAD
    0x00000128   0x00000128   0x0000001c   Code   RO          721    !!handler_zi        c_p.l(__scatter_zi.o)
    0x00000144   0x00000144   0x00000002   Code   RO          572    .ARM.Collect$$libinit$$00000000  c_p.l(libinit.o)
    0x00000146   0x00000146   0x00000000   Code   RO          590    .ARM.Collect$$libinit$$00000002  c_p.l(libinit2.o)
    0x00000146   0x00000146   0x00000000   Code   RO          592    .ARM.Collect$$libinit$$00000004  c_p.l(libinit2.o)
    0x00000146   0x00000146   0x00000000   Code   RO          594    .ARM.Collect$$libinit$$00000006  c_p.l(libinit2.o)
    0x00000146   0x00000146   0x00000000   Code   RO          597    .ARM.Collect$$libinit$$0000000C  c_p.l(libinit2.o)
    0x00000146   0x00000146   0x00000000   Code   RO          599    .ARM.Collect$$libinit$$0000000E  c_p.l(libinit2.o)
    0x00000146   0x00000146   0x00000000   Code   RO          601    .ARM.Collect$$libinit$$00000010  c_p.l(libinit2.o)
    0x00000146   0x00000146   0x00000000   Code   RO          604    .ARM.Collect$$libinit$$00000013  c_p.l(libinit2.o)
    0x00000146   0x00000146   0x00000000   Code   RO          606    .ARM.Collect$$libinit$$00000015  c_p.l(libinit2.o)
    0x00000146   0x00000146   0x00000000   Code   RO          608    .ARM.Collect$$libinit$$00000017  c_p.l(libinit2.o)
    0x00000146   0x00000146   0x00000000   Code   RO          610    .ARM.Collect$$libinit$$00000019  c_p.l(libinit2.o)
    0x00000146   0x00000146   0x00000000   Code   RO          612    .ARM.Collect$$libinit$$0000001B  c_p.l(libinit2.o)
    0x00000146   0x00000146   0x00000000   Code   RO          614    .ARM.Collect$$libinit$$0000001D  c_p.l(libinit2.o)
    0x00000146   0x00000146   0x00000000   Code   RO          616    .ARM.Collect$$libinit$$0000001F  c_p.l(libinit2.o)
    0x00000146   0x00000146   0x00000000   Code   RO          618    .ARM.Collect$$libinit$$00000021  c_p.l(libinit2.o)
    0x00000146   0x00000146   0x00000000   Code   RO          620    .ARM.Collect$$libinit$$00000023  c_p.l(libinit2.o)
    0x00000146   0x00000146   0x00000000   Code   RO          622    .ARM.Collect$$libinit$$00000025  c_p.l(libinit2.o)
    0x00000146   0x00000146   0x00000000   Code   RO          624    .ARM.Collect$$libinit$$00000027  c_p.l(libinit2.o)
    0x00000146   0x00000146   0x00000000   Code   RO          628    .ARM.Collect$$libinit$$0000002E  c_p.l(libinit2.o)
    0x00000146   0x00000146   0x00000000   Code   RO          630    .ARM.Collect$$libinit$$00000030  c_p.l(libinit2.o)
    0x00000146   0x00000146   0x00000000   Code   RO          632    .ARM.Collect$$libinit$$00000032  c_p.l(libinit2.o)
    0x00000146   0x00000146   0x00000000   Code   RO          634    .ARM.Collect$$libinit$$00000034  c_p.l(libinit2.o)
    0x00000146   0x00000146   0x00000002   Code   RO          635    .ARM.Collect$$libinit$$00000035  c_p.l(libinit2.o)
    0x00000148   0x00000148   0x00000002   Code   RO          672    .ARM.Collect$$libshutdown$$00000000  c_p.l(libshutdown.o)
    0x0000014a   0x0000014a   0x00000000   Code   RO          700    .ARM.Collect$$libshutdown$$00000002  c_p.l(libshutdown2.o)
    0x0000014a   0x0000014a   0x00000000   Code   RO          702    .ARM.Collect$$libshutdown$$00000004  c_p.l(libshutdown2.o)
    0x0000014a   0x0000014a   0x00000000   Code   RO          705    .ARM.Collect$$libshutdown$$00000007  c_p.l(libshutdown2.o)
    0x0000014a   0x0000014a   0x00000000   Code   RO          708    .ARM.Collect$$libshutdown$$0000000A  c_p.l(libshutdown2.o)
    0x0000014a   0x0000014a   0x00000000   Code   RO          710    .ARM.Collect$$libshutdown$$0000000C  c_p.l(libshutdown2.o)
    0x0000014a   0x0000014a   0x00000000   Code   RO          713    .ARM.Collect$$libshutdown$$0000000F  c_p.l(libshutdown2.o)
    0x0000014a   0x0000014a   0x00000002   Code   RO          714    .ARM.Collect$$libshutdown$$00000010  c_p.l(libshutdown2.o)
    0x0000014c   0x0000014c   0x00000000   Code   RO          527    .ARM.Collect$$rtentry$$00000000  c_p.l(__rtentry.o)
    0x0000014c   0x0000014c   0x00000000   Code   RO          540    .ARM.Collect$$rtentry$$00000002  c_p.l(__rtentry2.o)
    0x0000014c   0x0000014c   0x00000006   Code   RO          552    .ARM.Collect$$rtentry$$00000004  c_p.l(__rtentry4.o)
    0x00000152   0x00000152   0x00000000   Code   RO          542    .ARM.Collect$$rtentry$$00000009  c_p.l(__rtentry2.o)
    0x00000152   0x00000152   0x00000004   Code   RO          543    .ARM.Collect$$rtentry$$0000000A  c_p.l(__rtentry2.o)
    0x00000156   0x00000156   0x00000000   Code   RO          545    .ARM.Collect$$rtentry$$0000000C  c_p.l(__rtentry2.o)
    0x00000156   0x00000156   0x00000008   Code   RO          546    .ARM.Collect$$rtentry$$0000000D  c_p.l(__rtentry2.o)
    0x0000015e   0x0000015e   0x00000002   Code   RO          581    .ARM.Collect$$rtexit$$00000000  c_p.l(rtexit.o)
    0x00000160   0x00000160   0x00000000   Code   RO          643    .ARM.Collect$$rtexit$$00000002  c_p.l(rtexit2.o)
    0x00000160   0x00000160   0x00000004   Code   RO          644    .ARM.Collect$$rtexit$$00000003  c_p.l(rtexit2.o)
    0x00000164   0x00000164   0x00000006   Code   RO          645    .ARM.Collect$$rtexit$$00000004  c_p.l(rtexit2.o)
    0x0000016a   0x0000016a   0x00000002   PAD
    0x0000016c   0x0000016c   0x0000002c   Code   RO           24    .text               startup_mspm0g350x_uvision.o
    0x00000198   0x00000198   0x00000006   Code   RO          496    .text               c_p.l(heapauxi.o)
    0x0000019e   0x0000019e   0x00000002   PAD
    0x000001a0   0x000001a0   0x00000160   Code   RO          518    .text               fz_ps.l(fdiv.o)
    0x00000300   0x00000300   0x00000030   Code   RO          521    .text               fz_ps.l(ffixui.o)
    0x00000330   0x00000330   0x0000005e   Code   RO          523    .text               fz_ps.l(fflti.o)
    0x0000038e   0x0000038e   0x0000003e   Code   RO          558    .text               c_p.l(sys_stackheap_outer.o)
    0x000003cc   0x000003cc   0x00000010   Code   RO          561    .text               c_p.l(exit.o)
    0x000003dc   0x000003dc   0x00000008   Code   RO          577    .text               c_p.l(libspace.o)
    0x000003e4   0x000003e4   0x0000000c   Code   RO          638    .text               c_p.l(sys_exit.o)
    0x000003f0   0x000003f0   0x00000002   Code   RO          661    .text               c_p.l(use_no_semi.o)
    0x000003f2   0x000003f2   0x00000000   Code   RO          663    .text               c_p.l(indicate_semi.o)
    0x000003f2   0x000003f2   0x0000000a   Code   RO          307    .text.DL_Common_delayCycles  driverlib.a(dl_common.o)
    0x000003fc   0x000003fc   0x00000028   Code   RO          141    .text.DL_Common_updateReg  ti_msp_dl_config.o
    0x00000424   0x00000424   0x00000018   Code   RO           95    .text.DL_GPIO_clearInterruptStatus  ti_msp_dl_config.o
    0x0000043c   0x0000043c   0x0000001c   Code   RO          208    .text.DL_GPIO_clearInterruptStatus  motor.o
    0x00000458   0x00000458   0x00000014   Code   RO           10    .text.DL_GPIO_clearPins  empty.o
    0x0000046c   0x0000046c   0x00000014   Code   RO           87    .text.DL_GPIO_clearPins  ti_msp_dl_config.o
    0x00000480   0x00000480   0x00000014   Code   RO          214    .text.DL_GPIO_clearPins  motor.o
    0x00000494   0x00000494   0x00000018   Code   RO           79    .text.DL_GPIO_enableHiZ  ti_msp_dl_config.o
    0x000004ac   0x000004ac   0x00000018   Code   RO           97    .text.DL_GPIO_enableInterrupt  ti_msp_dl_config.o
    0x000004c4   0x000004c4   0x00000018   Code   RO           75    .text.DL_GPIO_enableOutput  ti_msp_dl_config.o
    0x000004dc   0x000004dc   0x00000014   Code   RO           65    .text.DL_GPIO_enablePower  ti_msp_dl_config.o
    0x000004f0   0x000004f0   0x00000018   Code   RO          204    .text.DL_GPIO_getEnabledInterruptStatus  motor.o
    0x00000508   0x00000508   0x00000018   Code   RO           85    .text.DL_GPIO_initDigitalInput  ti_msp_dl_config.o
    0x00000520   0x00000520   0x00000014   Code   RO           83    .text.DL_GPIO_initDigitalOutput  ti_msp_dl_config.o
    0x00000534   0x00000534   0x00000018   Code   RO           81    .text.DL_GPIO_initPeripheralInputFunction  ti_msp_dl_config.o
    0x0000054c   0x0000054c   0x00000038   Code   RO           77    .text.DL_GPIO_initPeripheralInputFunctionFeatures  ti_msp_dl_config.o
    0x00000584   0x00000584   0x0000001c   Code   RO           73    .text.DL_GPIO_initPeripheralOutputFunction  ti_msp_dl_config.o
    0x000005a0   0x000005a0   0x00000016   Code   RO          206    .text.DL_GPIO_readPins  motor.o
    0x000005b6   0x000005b6   0x00000002   PAD
    0x000005b8   0x000005b8   0x00000010   Code   RO           57    .text.DL_GPIO_reset  ti_msp_dl_config.o
    0x000005c8   0x000005c8   0x0000001c   Code   RO           91    .text.DL_GPIO_setLowerPinsPolarity  ti_msp_dl_config.o
    0x000005e4   0x000005e4   0x00000014   Code   RO           89    .text.DL_GPIO_setPins  ti_msp_dl_config.o
    0x000005f8   0x000005f8   0x00000018   Code   RO          212    .text.DL_GPIO_setPins  motor.o
    0x00000610   0x00000610   0x00000018   Code   RO           93    .text.DL_GPIO_setUpperPinsPolarity  ti_msp_dl_config.o
    0x00000628   0x00000628   0x00000018   Code   RO          119    .text.DL_I2C_enableAnalogGlitchFilter  ti_msp_dl_config.o
    0x00000640   0x00000640   0x00000014   Code   RO          131    .text.DL_I2C_enableController  ti_msp_dl_config.o
    0x00000654   0x00000654   0x00000018   Code   RO          129    .text.DL_I2C_enableControllerClockStretching  ti_msp_dl_config.o
    0x0000066c   0x0000066c   0x00000014   Code   RO           69    .text.DL_I2C_enablePower  ti_msp_dl_config.o
    0x00000680   0x00000680   0x00000018   Code   RO           61    .text.DL_I2C_reset  ti_msp_dl_config.o
    0x00000698   0x00000698   0x00000014   Code   RO          121    .text.DL_I2C_resetControllerTransfer  ti_msp_dl_config.o
    0x000006ac   0x000006ac   0x00000026   Code   RO          117    .text.DL_I2C_setAnalogGlitchFilterPulseWidth  ti_msp_dl_config.o
    0x000006d2   0x000006d2   0x00000026   Code   RO          316    .text.DL_I2C_setClockConfig  driverlib.a(dl_i2c.o)
    0x000006f8   0x000006f8   0x00000024   Code   RO          127    .text.DL_I2C_setControllerRXFIFOThreshold  ti_msp_dl_config.o
    0x0000071c   0x0000071c   0x00000028   Code   RO          125    .text.DL_I2C_setControllerTXFIFOThreshold  ti_msp_dl_config.o
    0x00000744   0x00000744   0x00000018   Code   RO          123    .text.DL_I2C_setTimerPeriod  ti_msp_dl_config.o
    0x0000075c   0x0000075c   0x0000000c   Code   RO          103    .text.DL_SYSCTL_disableHFXT  ti_msp_dl_config.o
    0x00000768   0x00000768   0x00000014   Code   RO          105    .text.DL_SYSCTL_disableSYSPLL  ti_msp_dl_config.o
    0x0000077c   0x0000077c   0x00000018   Code   RO           99    .text.DL_SYSCTL_setBORThreshold  ti_msp_dl_config.o
    0x00000794   0x00000794   0x00000018   Code   RO          109    .text.DL_SYSCTL_setMCLKDivider  ti_msp_dl_config.o
    0x000007ac   0x000007ac   0x0000001c   Code   RO          101    .text.DL_SYSCTL_setSYSOSCFreq  ti_msp_dl_config.o
    0x000007c8   0x000007c8   0x0000001c   Code   RO          107    .text.DL_SYSCTL_setULPCLKDivider  ti_msp_dl_config.o
    0x000007e4   0x000007e4   0x00000014   Code   RO          111    .text.DL_Timer_enableClock  ti_msp_dl_config.o
    0x000007f8   0x000007f8   0x0000001c   Code   RO          115    .text.DL_Timer_enableInterrupt  ti_msp_dl_config.o
    0x00000814   0x00000814   0x00000018   Code   RO           67    .text.DL_Timer_enablePower  ti_msp_dl_config.o
    0x0000082c   0x0000082c   0x000000c0   Code   RO          370    .text.DL_Timer_initPWMMode  driverlib.a(dl_timer.o)
    0x000008ec   0x000008ec   0x000000ec   Code   RO          352    .text.DL_Timer_initTimerMode  driverlib.a(dl_timer.o)
    0x000009d8   0x000009d8   0x00000018   Code   RO           59    .text.DL_Timer_reset  ti_msp_dl_config.o
    0x000009f0   0x000009f0   0x00000014   Code   RO          113    .text.DL_Timer_setCCPDirection  ti_msp_dl_config.o
    0x00000a04   0x00000a04   0x0000001c   Code   RO          400    .text.DL_Timer_setCaptCompUpdateMethod  driverlib.a(dl_timer.o)
    0x00000a20   0x00000a20   0x00000018   Code   RO          374    .text.DL_Timer_setCaptureCompareOutCtl  driverlib.a(dl_timer.o)
    0x00000a38   0x00000a38   0x00000010   Code   RO          354    .text.DL_Timer_setCaptureCompareValue  driverlib.a(dl_timer.o)
    0x00000a48   0x00000a48   0x0000001c   Code   RO          348    .text.DL_Timer_setClockConfig  driverlib.a(dl_timer.o)
    0x00000a64   0x00000a64   0x00000018   Code   RO            8    .text.DL_Timer_startCounter  empty.o
    0x00000a7c   0x00000a7c   0x00000016   Code   RO          139    .text.DL_UART_enable  ti_msp_dl_config.o
    0x00000a92   0x00000a92   0x00000002   PAD
    0x00000a94   0x00000a94   0x0000001c   Code   RO          137    .text.DL_UART_enableInterrupt  ti_msp_dl_config.o
    0x00000ab0   0x00000ab0   0x00000018   Code   RO           71    .text.DL_UART_enablePower  ti_msp_dl_config.o
    0x00000ac8   0x00000ac8   0x00000048   Code   RO          447    .text.DL_UART_init  driverlib.a(dl_uart.o)
    0x00000b10   0x00000b10   0x00000014   Code   RO          183    .text.DL_UART_receiveData  uart.o
    0x00000b24   0x00000b24   0x00000018   Code   RO           63    .text.DL_UART_reset  ti_msp_dl_config.o
    0x00000b3c   0x00000b3c   0x0000004c   Code   RO          135    .text.DL_UART_setBaudRateDivisor  ti_msp_dl_config.o
    0x00000b88   0x00000b88   0x00000012   Code   RO          449    .text.DL_UART_setClockConfig  driverlib.a(dl_uart.o)
    0x00000b9a   0x00000b9a   0x0000001e   Code   RO          133    .text.DL_UART_setOversampling  ti_msp_dl_config.o
    0x00000bb8   0x00000bb8   0x00000016   Code   RO          185    .text.DL_UART_transmitData  uart.o
    0x00000bce   0x00000bce   0x00000002   PAD
    0x00000bd0   0x00000bd0   0x000000c8   Code   RO          290    .text.Data_processing_for_car_tracking  vision.o
    0x00000c98   0x00000c98   0x00000084   Code   RO          202    .text.GROUP1_IRQHandler  motor.o
    0x00000d1c   0x00000d1c   0x00000154   Code   RO           35    .text.SYSCFG_DL_GPIO_init  ti_msp_dl_config.o
    0x00000e70   0x00000e70   0x00000054   Code   RO           45    .text.SYSCFG_DL_I2C_0_init  ti_msp_dl_config.o
    0x00000ec4   0x00000ec4   0x0000007c   Code   RO           41    .text.SYSCFG_DL_PWM_MOTOR_init  ti_msp_dl_config.o
    0x00000f40   0x00000f40   0x00000080   Code   RO           39    .text.SYSCFG_DL_PWM_SERVO_init  ti_msp_dl_config.o
    0x00000fc0   0x00000fc0   0x0000002a   Code   RO           37    .text.SYSCFG_DL_SYSCTL_init  ti_msp_dl_config.o
    0x00000fea   0x00000fea   0x00000002   Code   RO           51    .text.SYSCFG_DL_SYSTICK_init  ti_msp_dl_config.o
    0x00000fec   0x00000fec   0x00000030   Code   RO           43    .text.SYSCFG_DL_TIMER_0_init  ti_msp_dl_config.o
    0x0000101c   0x0000101c   0x00000044   Code   RO           47    .text.SYSCFG_DL_UART_BLUETOOTH_init  ti_msp_dl_config.o
    0x00001060   0x00001060   0x00000044   Code   RO           49    .text.SYSCFG_DL_UART_VISION_init  ti_msp_dl_config.o
    0x000010a4   0x000010a4   0x00000040   Code   RO           31    .text.SYSCFG_DL_init  ti_msp_dl_config.o
    0x000010e4   0x000010e4   0x00000088   Code   RO           33    .text.SYSCFG_DL_initPower  ti_msp_dl_config.o
    0x0000116c   0x0000116c   0x0000000c   Code   RO          172    .text.TIMG7_IRQHandler  timer.o
    0x00001178   0x00001178   0x00000020   Code   RO          187    .text.UART0_IRQHandler  uart.o
    0x00001198   0x00001198   0x00000030   Code   RO          181    .text.UART2_IRQHandler  uart.o
    0x000011c8   0x000011c8   0x0000002c   Code   RO            4    .text.__NVIC_ClearPendingIRQ  empty.o
    0x000011f4   0x000011f4   0x0000002c   Code   RO            6    .text.__NVIC_EnableIRQ  empty.o
    0x00001220   0x00001220   0x00000058   Code   RO            2    .text.main          empty.o
    0x00001278   0x00001278   0x000000dc   Code   RO          210    .text.motor_coutrol  motor.o
    0x00001354   0x00001354   0x0000006c   Code   RO          200    .text.set_speed     motor.o
    0x000013c0   0x000013c0   0x000000b0   Code   RO          525    x$fpl$fmul          fz_ps.l(fmul.o)
    0x00001470   0x00001470   0x00000000   Code   RO          538    x$fpl$usenofp       fz_ps.l(usenofp.o)
    0x00001470   0x00001470   0x00000040   Data   RO          519    .constdata          fz_ps.l(fdiv.o)
    0x000014b0   0x000014b0   0x00000002   Data   RO          151    .rodata.gI2C_0ClockConfig  ti_msp_dl_config.o
    0x000014b2   0x000014b2   0x00000003   Data   RO          147    .rodata.gPWM_MOTORClockConfig  ti_msp_dl_config.o
    0x000014b5   0x000014b5   0x00000003   PAD
    0x000014b8   0x000014b8   0x00000008   Data   RO          148    .rodata.gPWM_MOTORConfig  ti_msp_dl_config.o
    0x000014c0   0x000014c0   0x00000003   Data   RO          145    .rodata.gPWM_SERVOClockConfig  ti_msp_dl_config.o
    0x000014c3   0x000014c3   0x00000001   PAD
    0x000014c4   0x000014c4   0x00000008   Data   RO          146    .rodata.gPWM_SERVOConfig  ti_msp_dl_config.o
    0x000014cc   0x000014cc   0x00000003   Data   RO          149    .rodata.gTIMER_0ClockConfig  ti_msp_dl_config.o
    0x000014cf   0x000014cf   0x00000001   PAD
    0x000014d0   0x000014d0   0x00000014   Data   RO          150    .rodata.gTIMER_0TimerConfig  ti_msp_dl_config.o
    0x000014e4   0x000014e4   0x00000002   Data   RO          152    .rodata.gUART_BLUETOOTHClockConfig  ti_msp_dl_config.o
    0x000014e6   0x000014e6   0x0000000a   Data   RO          153    .rodata.gUART_BLUETOOTHConfig  ti_msp_dl_config.o
    0x000014f0   0x000014f0   0x00000002   Data   RO          154    .rodata.gUART_VISIONClockConfig  ti_msp_dl_config.o
    0x000014f2   0x000014f2   0x0000000a   Data   RO          155    .rodata.gUART_VISIONConfig  ti_msp_dl_config.o
    0x000014fc   0x000014fc   0x00000004   PAD
    0x00001500   0x00001500   0x00000010   Data   RO          716    Region$$Table       anon$$obj.o


    Execution Region RW_IRAM2 (Exec base: 0x20200000, Load base: 0x00001510, Size: 0x00000280, Max: 0x00008000, ABSOLUTE)

    Exec Addr    Load Addr    Size         Type   Attr      Idx    E Section Name        Object

    0x20200000        -       0x00000060   Zero   RW          578    .bss                c_p.l(libspace.o)
    0x20200060        -       0x00000004   Zero   RW          218    .bss.CompareValue   motor.o
    0x20200064        -       0x0000000a   Zero   RW          294    .bss.Data_processing_for_car_tracking.RxBuffer  vision.o
    0x2020006e        -       0x00000001   Zero   RW          295    .bss.Data_processing_for_car_tracking.data_cnt  vision.o
    0x2020006f        -       0x00000001   Zero   RW          296    .bss.Data_processing_for_car_tracking.state  vision.o
    0x20200070        -       0x00000001   Zero   RW          189    .bss.data_bluetooth  uart.o
    0x20200071        -       0x00000001   Zero   RW          190    .bss.data_vision    uart.o
    0x20200072   0x00001510   0x00000002   PAD
    0x20200074        -       0x00000004   Zero   RW          220    .bss.gEncoderCount1  motor.o
    0x20200078        -       0x00000004   Zero   RW          221    .bss.gEncoderCount2  motor.o
    0x2020007c        -       0x00000078   Zero   RW          143    .bss.gPWM_SERVOBackup  ti_msp_dl_config.o
    0x202000f4        -       0x00000078   Zero   RW          144    .bss.gTIMER_0Backup  ti_msp_dl_config.o
    0x2020016c        -       0x00000001   Zero   RW          219    .bss.gpioA          motor.o
    0x2020016d   0x00001510   0x00000003   PAD
    0x20200170        -       0x00000004   Zero   RW          297    .bss.rho_org        vision.o
    0x20200174        -       0x00000004   Zero   RW          298    .bss.theta_org      vision.o
    0x20200178        -       0x00000004   Zero   RW          222    .bss.vision_left    motor.o
    0x2020017c        -       0x00000004   Zero   RW          223    .bss.vision_right   motor.o
    0x20200180        -       0x00000000   Zero   RW           22    HEAP                startup_mspm0g350x_uvision.o
    0x20200180        -       0x00000100   Zero   RW           21    STACK               startup_mspm0g350x_uvision.o



  Load Region LR_BCR (Base: 0x41c00000, Size: 0x00000000, Max: 0x00000100, ABSOLUTE)

    Execution Region BCR_CONFIG (Exec base: 0x41c00000, Load base: 0x41c00000, Size: 0x00000000, Max: 0x00000080, ABSOLUTE)

    **** No section assigned to this execution region ****



  Load Region LR_BSL (Base: 0x41c00100, Size: 0x00000000, Max: 0x00000100, ABSOLUTE)

    Execution Region BSL_CONFIG (Exec base: 0x41c00100, Load base: 0x41c00100, Size: 0x00000000, Max: 0x00000080, ABSOLUTE)

    **** No section assigned to this execution region ****


==============================================================================

Image component sizes


      Code (inc. data)   RO Data    RW Data    ZI Data      Debug   Object Name

       220         24          0          0          0       7156   empty.o
       578         68          0          0         21       7655   motor.o
        44         18        192          0        256        708   startup_mspm0g350x_uvision.o
      2246        188         71          0        240      32799   ti_msp_dl_config.o
        12          0          0          0          0        583   timer.o
       122         20          0          0          2       3038   uart.o
       200         20          0          0         20       1121   vision.o

    ----------------------------------------------------------------------
      3428        338        288          0        544      53060   Object Totals
         0          0         16          0          0          0   (incl. Generated)
         6          0          9          0          5          0   (incl. Padding)

    ----------------------------------------------------------------------

      Code (inc. data)   RO Data    RW Data    ZI Data      Debug   Library Member Name

         8          0          0          0          0         68   __main.o
         0          0          0          0          0          0   __rtentry.o
        12          0          0          0          0          0   __rtentry2.o
         6          0          0          0          0          0   __rtentry4.o
        86         10          0          0          0          0   __scatter.o
        28          0          0          0          0          0   __scatter_zi.o
        16          0          0          0          0         68   exit.o
         6          0          0          0          0        136   heapauxi.o
         0          0          0          0          0          0   indicate_semi.o
         2          0          0          0          0          0   libinit.o
         2          0          0          0          0          0   libinit2.o
         2          0          0          0          0          0   libshutdown.o
         2          0          0          0          0          0   libshutdown2.o
         8          4          0          0         96         68   libspace.o
         2          0          0          0          0          0   rtexit.o
        10          0          0          0          0          0   rtexit2.o
        12          4          0          0          0         60   sys_exit.o
        62          0          0          0          0         80   sys_stackheap_outer.o
         2          0          0          0          0         68   use_no_semi.o
        10          0          0          0          0        802   dl_common.o
        38          0          0          0          0       8590   dl_i2c.o
       524        188          0          0          0      40185   dl_timer.o
        90          8          0          0          0      14128   dl_uart.o
       352         10         64          0          0         92   fdiv.o
        48          0          0          0          0         60   ffixui.o
        94          0          0          0          0         92   fflti.o
       176          4          0          0          0         80   fmul.o
         0          0          0          0          0          0   usenofp.o

    ----------------------------------------------------------------------
      1612        232         64          0         96      64577   Library Totals
        14          4          0          0          0          0   (incl. Padding)

    ----------------------------------------------------------------------

      Code (inc. data)   RO Data    RW Data    ZI Data      Debug   Library Name

       266         18          0          0         96        548   c_p.l
       662        196          0          0          0      63705   driverlib.a
       670         14         64          0          0        324   fz_ps.l

    ----------------------------------------------------------------------
      1612        232         64          0         96      64577   Library Totals

    ----------------------------------------------------------------------

==============================================================================


      Code (inc. data)   RO Data    RW Data    ZI Data      Debug   

      5040        570        352          0        640     117181   Grand Totals
      5040        570        352          0        640     117181   ELF Image Totals
      5040        570        352          0          0          0   ROM Totals

==============================================================================

    Total RO  Size (Code + RO Data)                 5392 (   5.27kB)
    Total RW  Size (RW Data + ZI Data)               640 (   0.62kB)
    Total ROM Size (Code + RO Data + RW Data)       5392 (   5.27kB)

==============================================================================

