<html>
<body>
<pre>
<h1>µVision Build Log</h1>
<h2>Tool Versions:</h2>
IDE-Version: ¦ÌVision V5.39.0.0
Copyright (C) 2023 ARM Ltd and ARM Germany GmbH. All rights reserved.
License Information: 1 1, 1, LIC=ZB4EI-TBF1G-12NLE-5VQ9Y-6PJ1G-UDZ7J
 
Tool Versions:
Toolchain:       MDK-ARM Plus  Version: 5.39.0.0
Toolchain Path:  C:\Keil_v5\ARM\ARMCLANG\Bin
C Compiler:      ArmClang.exe V6.21
Assembler:       Armasm.exe V6.21
Linker/Locator:  ArmLink.exe V6.21
Library Manager: ArmAr.exe V6.21
Hex Converter:   FromElf.exe V6.21
CPU DLL:         SARMCM3.DLL V5.39.0.0
Dialog DLL:      DARMCM1.DLL V1.19.6.0
Target DLL:      CMSIS_AGDI.dll V1.33.16.0
Dialog DLL:      TARMCM1.DLL V1.14.6.0
 
<h2>Project:</h2>
C:\ti\mspm0_sdk_2_01_00_03\examples\nortos\LP_MSPM0G3507\driverlib\empty\keil\empty_LP_MSPM0G3507_nortos_keil.uvprojx
Project File Date:  07/29/2025

<h2>Output:</h2>
*** Using Compiler 'V6.21', folder: 'C:\Keil_v5\ARM\ARMCLANG\Bin'
Build target 'empty_LP_MSPM0G3507_nortos_keil'
Before Build - User command #1: cmd.exe /C "C:\ti\mspm0_sdk_2_01_00_03\examples\nortos\LP_MSPM0G3507\driverlib\empty\keil\../../../../../../tools/keil/syscfg.bat 'C:\ti\mspm0_sdk_2_01_00_03\examples\nortos\LP_MSPM0G3507\driverlib\empty\keil\' empty.syscfg"
Using Sysconfig Tool from "C:/ti/sysconfig_1.19.0/sysconfig_cli.bat"
"Update the file located at C:/ti/mspm0_sdk_2_01_00_03/tools/keil/syscfg.bat to use a different version"
Error: File "C:\ti\mspm0_sdk_2_01_00_03\examples\nortos\LP_MSPM0G3507\driverlib\empty\keil\....\empty.syscfg" does not exist
    at l.contents [as readScriptFile] (C:\ti\sysconfig_1.19.0\dist\webpack:\sysconfig\src\pinmux\services\resources\otherLoaders\scriptAndProductLoader.ts:32:10)
    at parsedArgs (C:\ti\sysconfig_1.19.0\dist\webpack:\sysconfig\src\pinmux\services\args\resolveScriptArg.ts:14:10)
    at async Promise.all (index 0)
    at parsedArgs (C:\ti\sysconfig_1.19.0\dist\webpack:\sysconfig\src\pinmux\services\args\resolveScriptArg.ts:30:19)
    at resolvedArgs (C:\ti\sysconfig_1.19.0\dist\webpack:\sysconfig\src\pinmux\services\args\parseAndResolveArgs.ts:24:6)
    at t.runCLI (C:\ti\sysconfig_1.19.0\dist\webpack:\sysconfig\src\cli\runCli.ts:32:9)
compiling pid.c...
compiling empty.c...
compiling servo.c...
compiling timer.c...
compiling uart.c...
compiling vision.c...
compiling motor.c...
compiling ti_msp_dl_config.c...
compiling oled.c...
linking...
Program Size: Code=5040 RO-data=352 RW-data=0 ZI-data=640  
FromELF: creating hex file...
".\Objects\empty_LP_MSPM0G3507_nortos_keil.axf" - 0 Error(s), 0 Warning(s).

<h2>Software Packages used:</h2>

Package Vendor: TexasInstruments
                https://software-dl.ti.com/msp430/esd/MSPM0-CMSIS/MSPM0G1X0X_G3X0X/latest/exports/TexasInstruments.MSPM0G1X0X_G3X0X_DFP.1.3.1.pack
                TexasInstruments::MSPM0G1X0X_G3X0X_DFP@1.3.1
                Device Family Pack for Texas Instruments MSPM0G1X0X_G3X0X Series

<h2>Collection of Component include folders:</h2>

<h2>Collection of Component Files used:</h2>
Build Time Elapsed:  00:00:01
</pre>
</body>
</html>
